ARM Linker, 5.03 [Build 76] [MDK-ARM Standard][RL-ARM]

==============================================================================

Section Cross References

    startup_stm32f429x.o(STACK) refers (Special) to heapauxi.o(.text) for __use_two_region_memory
    startup_stm32f429x.o(HEAP) refers (Special) to heapauxi.o(.text) for __use_two_region_memory
    startup_stm32f429x.o(RESET) refers (Special) to heapauxi.o(.text) for __use_two_region_memory
    startup_stm32f429x.o(RESET) refers to startup_stm32f429x.o(STACK) for __initial_sp
    startup_stm32f429x.o(RESET) refers to startup_stm32f429x.o(.text) for Reset_Handler
    startup_stm32f429x.o(RESET) refers to stm32f4xx_it.o(i.NMI_Handler) for NMI_Handler
    startup_stm32f429x.o(RESET) refers to stm32f4xx_it.o(i.HardFault_Handler) for HardFault_Handler
    startup_stm32f429x.o(RESET) refers to stm32f4xx_it.o(i.MemManage_Handler) for MemManage_Handler
    startup_stm32f429x.o(RESET) refers to stm32f4xx_it.o(i.BusFault_Handler) for BusFault_Handler
    startup_stm32f429x.o(RESET) refers to stm32f4xx_it.o(i.UsageFault_Handler) for UsageFault_Handler
    startup_stm32f429x.o(RESET) refers to port.o(.emb_text) for SVC_Handler
    startup_stm32f429x.o(RESET) refers to stm32f4xx_it.o(i.DebugMon_Handler) for DebugMon_Handler
    startup_stm32f429x.o(RESET) refers to port.o(i.SysTick_Handler) for SysTick_Handler
    startup_stm32f429x.o(RESET) refers to dc_protocol.o(i.EXTI1_IRQHandler) for EXTI1_IRQHandler
    startup_stm32f429x.o(RESET) refers to rtc.o(i.RTC_Alarm_IRQHandler) for RTC_Alarm_IRQHandler
    startup_stm32f429x.o(RESET) refers to timer.o(i.TIM7_IRQHandler) for TIM7_IRQHandler
    startup_stm32f429x.o(RESET) refers to stm32f4xx_it.o(i.ETH_IRQHandler) for ETH_IRQHandler
    startup_stm32f429x.o(RESET) refers to debug_uart.o(i.USART6_IRQHandler) for USART6_IRQHandler
    startup_stm32f429x.o(.text) refers (Special) to heapauxi.o(.text) for __use_two_region_memory
    startup_stm32f429x.o(.text) refers to system_stm32f4xx.o(i.SystemInit) for SystemInit
    startup_stm32f429x.o(.text) refers to __main.o(!!!main) for __main
    startup_stm32f429x.o(.text) refers to startup_stm32f429x.o(HEAP) for Heap_Mem
    startup_stm32f429x.o(.text) refers to startup_stm32f429x.o(STACK) for Stack_Mem
    system_stm32f4xx.o(i.SystemCoreClockUpdate) refers to system_stm32f4xx.o(.data) for .data
    system_stm32f4xx.o(i.SystemInit) refers to system_stm32f4xx.o(i.SetSysClock) for SetSysClock
    stm32f4xx_adc.o(i.ADC_DeInit) refers to stm32f4xx_rcc.o(i.RCC_APB2PeriphResetCmd) for RCC_APB2PeriphResetCmd
    stm32f4xx_can.o(i.CAN_DeInit) refers to stm32f4xx_rcc.o(i.RCC_APB1PeriphResetCmd) for RCC_APB1PeriphResetCmd
    stm32f4xx_can.o(i.CAN_GetITStatus) refers to stm32f4xx_can.o(i.CheckITStatus) for CheckITStatus
    stm32f4xx_cryp.o(i.CRYP_DeInit) refers to stm32f4xx_rcc.o(i.RCC_AHB2PeriphResetCmd) for RCC_AHB2PeriphResetCmd
    stm32f4xx_cryp_aes.o(i.CRYP_AES_CBC) refers to stm32f4xx_cryp.o(i.CRYP_KeyStructInit) for CRYP_KeyStructInit
    stm32f4xx_cryp_aes.o(i.CRYP_AES_CBC) refers to stm32f4xx_cryp.o(i.CRYP_KeyInit) for CRYP_KeyInit
    stm32f4xx_cryp_aes.o(i.CRYP_AES_CBC) refers to stm32f4xx_cryp.o(i.CRYP_Init) for CRYP_Init
    stm32f4xx_cryp_aes.o(i.CRYP_AES_CBC) refers to stm32f4xx_cryp.o(i.CRYP_IVInit) for CRYP_IVInit
    stm32f4xx_cryp_aes.o(i.CRYP_AES_CBC) refers to stm32f4xx_cryp.o(i.CRYP_FIFOFlush) for CRYP_FIFOFlush
    stm32f4xx_cryp_aes.o(i.CRYP_AES_CBC) refers to stm32f4xx_cryp.o(i.CRYP_Cmd) for CRYP_Cmd
    stm32f4xx_cryp_aes.o(i.CRYP_AES_CBC) refers to stm32f4xx_cryp.o(i.CRYP_GetCmdStatus) for CRYP_GetCmdStatus
    stm32f4xx_cryp_aes.o(i.CRYP_AES_CBC) refers to stm32f4xx_cryp.o(i.CRYP_GetFlagStatus) for CRYP_GetFlagStatus
    stm32f4xx_cryp_aes.o(i.CRYP_AES_CBC) refers to stm32f4xx_cryp.o(i.CRYP_DataIn) for CRYP_DataIn
    stm32f4xx_cryp_aes.o(i.CRYP_AES_CBC) refers to stm32f4xx_cryp.o(i.CRYP_DataOut) for CRYP_DataOut
    stm32f4xx_cryp_aes.o(i.CRYP_AES_CCM) refers to stm32f4xx_cryp.o(i.CRYP_KeyStructInit) for CRYP_KeyStructInit
    stm32f4xx_cryp_aes.o(i.CRYP_AES_CCM) refers to stm32f4xx_cryp.o(i.CRYP_FIFOFlush) for CRYP_FIFOFlush
    stm32f4xx_cryp_aes.o(i.CRYP_AES_CCM) refers to stm32f4xx_cryp.o(i.CRYP_KeyInit) for CRYP_KeyInit
    stm32f4xx_cryp_aes.o(i.CRYP_AES_CCM) refers to stm32f4xx_cryp.o(i.CRYP_IVInit) for CRYP_IVInit
    stm32f4xx_cryp_aes.o(i.CRYP_AES_CCM) refers to stm32f4xx_cryp.o(i.CRYP_Init) for CRYP_Init
    stm32f4xx_cryp_aes.o(i.CRYP_AES_CCM) refers to stm32f4xx_cryp.o(i.CRYP_PhaseConfig) for CRYP_PhaseConfig
    stm32f4xx_cryp_aes.o(i.CRYP_AES_CCM) refers to stm32f4xx_cryp.o(i.CRYP_DataIn) for CRYP_DataIn
    stm32f4xx_cryp_aes.o(i.CRYP_AES_CCM) refers to stm32f4xx_cryp.o(i.CRYP_Cmd) for CRYP_Cmd
    stm32f4xx_cryp_aes.o(i.CRYP_AES_CCM) refers to stm32f4xx_cryp.o(i.CRYP_GetCmdStatus) for CRYP_GetCmdStatus
    stm32f4xx_cryp_aes.o(i.CRYP_AES_CCM) refers to stm32f4xx_cryp.o(i.CRYP_GetFlagStatus) for CRYP_GetFlagStatus
[...]
    i.TIM_OC1Init                            0x08002100   Section        0  stm32f4xx_tim.o(i.TIM_OC1Init)
    i.TIM_OC1PreloadConfig                   0x08002160   Section        0  stm32f4xx_tim.o(i.TIM_OC1PreloadConfig)
    i.TIM_TimeBaseInit                       0x0800216c   Section        0  stm32f4xx_tim.o(i.TIM_TimeBaseInit)
    i.TaskReceive                            0x080021e8   Section        0  dc_protocol.o(i.TaskReceive)
    i.Tem_Rh_Gpio_Init                       0x080021f8   Section        0  tem_rh.o(i.Tem_Rh_Gpio_Init)
    i.Test_Two_Mermory_Same_Or_Not           0x0800223c   Section        0  flash.o(i.Test_Two_Mermory_Same_Or_Not)
    i.Touch_task                             0x0800225c   Section        0  main.o(i.Touch_task)
    i.USART6_IRQHandler                      0x080022ac   Section        0  debug_uart.o(i.USART6_IRQHandler)
    i.USART_ClearFlag                        0x080022d0   Section        0  stm32f4xx_usart.o(i.USART_ClearFlag)
    i.USART_ClockInit                        0x080022d6   Section        0  stm32f4xx_usart.o(i.USART_ClockInit)
    i.USART_ClockStructInit                  0x080022f2   Section        0  stm32f4xx_usart.o(i.USART_ClockStructInit)
    i.USART_Cmd                              0x080022fe   Section        0  stm32f4xx_usart.o(i.USART_Cmd)
    i.USART_GetFlagStatus                    0x08002312   Section        0  stm32f4xx_usart.o(i.USART_GetFlagStatus)
    i.USART_ITConfig                         0x08002320   Section        0  stm32f4xx_usart.o(i.USART_ITConfig)
    i.USART_Init                             0x08002350   Section        0  stm32f4xx_usart.o(i.USART_Init)
    i.USART_SendData                         0x08002408   Section        0  stm32f4xx_usart.o(i.USART_SendData)
    i.USART_StructInit                       0x08002410   Section        0  stm32f4xx_usart.o(i.USART_StructInit)
    i.UsageFault_Handler                     0x08002426   Section        0  stm32f4xx_it.o(i.UsageFault_Handler)
    i.Wifi_task                              0x08002428   Section        0  main.o(i.Wifi_task)
    i.getElecLevel                           0x08002450   Section        0  dc_config.o(i.getElecLevel)
    i.main                                   0x0800245c   Section        0  main.o(i.main)
    i.ms_Delay                               0x08002528   Section        0  main.o(i.ms_Delay)
    i.prvAddCurrentTaskToDelayedList         0x08002544   Section        0  tasks.o(i.prvAddCurrentTaskToDelayedList)
    prvAddCurrentTaskToDelayedList           0x08002545   Thumb Code    48  tasks.o(i.prvAddCurrentTaskToDelayedList)
    i.prvCheckForValidListAndQueue           0x08002578   Section        0  timers.o(i.prvCheckForValidListAndQueue)
    prvCheckForValidListAndQueue             0x08002579   Thumb Code    54  timers.o(i.prvCheckForValidListAndQueue)
    i.prvCheckTasksWaitingTermination        0x080025b8   Section        0  tasks.o(i.prvCheckTasksWaitingTermination)
    prvCheckTasksWaitingTermination          0x080025b9   Thumb Code    76  tasks.o(i.prvCheckTasksWaitingTermination)
    i.prvCopyDataFromQueue                   0x0800260c   Section        0  queue.o(i.prvCopyDataFromQueue)
    prvCopyDataFromQueue                     0x0800260d   Thumb Code    40  queue.o(i.prvCopyDataFromQueue)
    i.prvCopyDataToQueue                     0x08002634   Section        0  queue.o(i.prvCopyDataToQueue)
    prvCopyDataToQueue                       0x08002635   Thumb Code   104  queue.o(i.prvCopyDataToQueue)
    i.prvHeapInit                            0x0800269c   Section        0  heap_4.o(i.prvHeapInit)
    prvHeapInit                              0x0800269d   Thumb Code    52  heap_4.o(i.prvHeapInit)
    i.prvIdleTask                            0x080026d8   Section        0  tasks.o(i.prvIdleTask)
    prvIdleTask                              0x080026d9   Thumb Code    20  tasks.o(i.prvIdleTask)
    i.prvInsertBlockIntoFreeList             0x080026f0   Section        0  heap_4.o(i.prvInsertBlockIntoFreeList)
    prvInsertBlockIntoFreeList               0x080026f1   Thumb Code    72  heap_4.o(i.prvInsertBlockIntoFreeList)
    i.prvInsertTimerInActiveList             0x0800273c   Section        0  timers.o(i.prvInsertTimerInActiveList)
    prvInsertTimerInActiveList               0x0800273d   Thumb Code    52  timers.o(i.prvInsertTimerInActiveList)
    i.prvProcessReceivedCommands             0x08002774   Section        0  timers.o(i.prvProcessReceivedCommands)
    prvProcessReceivedCommands               0x08002775   Thumb Code   140  timers.o(i.prvProcessReceivedCommands)
    i.prvProcessTimerOrBlockTask             0x08002804   Section        0  timers.o(i.prvProcessTimerOrBlockTask)
    prvProcessTimerOrBlockTask               0x08002805   Thumb Code   128  timers.o(i.prvProcessTimerOrBlockTask)
    i.prvSampleTimeNow                       0x08002888   Section        0  timers.o(i.prvSampleTimeNow)
    prvSampleTimeNow                         0x08002889   Thumb Code    36  timers.o(i.prvSampleTimeNow)
    i.prvSwitchTimerLists                    0x080028b0   Section        0  timers.o(i.prvSwitchTimerLists)
    prvSwitchTimerLists                      0x080028b1   Thumb Code    84  timers.o(i.prvSwitchTimerLists)
    i.prvTimerTask                           0x08002908   Section        0  timers.o(i.prvTimerTask)
    prvTimerTask                             0x08002909   Thumb Code    32  timers.o(i.prvTimerTask)
    i.prvUnlockQueue                         0x0800292c   Section        0  queue.o(i.prvUnlockQueue)
    prvUnlockQueue                           0x0800292d   Thumb Code   100  queue.o(i.prvUnlockQueue)
    i.pvPortMalloc                           0x08002990   Section        0  heap_4.o(i.pvPortMalloc)
    i.pxPortInitialiseStack                  0x08002a20   Section        0  port.o(i.pxPortInitialiseStack)
    i.queue_init                             0x08002a44   Section        0  main.o(i.queue_init)
    i.rtc_init                               0x08002ab0   Section        0  rtc.o(i.rtc_init)
    i.uart_init                              0x08002b08   Section        0  debug_uart.o(i.uart_init)
    i.uart_putchar                           0x08002bec   Section        0  debug_uart.o(i.uart_putchar)
    i.uart_putstr                            0x08002c0c   Section        0  debug_uart.o(i.uart_putstr)
    i.us_Delay                               0x08002c32   Section        0  main.o(i.us_Delay)
    i.uxListRemove                           0x08002c46   Section        0  list.o(i.uxListRemove)
    i.vListInitialise                        0x08002c6a   Section        0  list.o(i.vListInitialise)
    i.vListInitialiseItem                    0x08002c80   Section        0  list.o(i.vListInitialiseItem)
    i.vListInsert                            0x08002c86   Section        0  list.o(i.vListInsert)
    i.vListInsertEnd                         0x08002cb6   Section        0  list.o(i.vListInsertEnd)
    i.vPortEnterCritical                     0x08002cd0   Section        0  port.o(i.vPortEnterCritical)
    i.vPortExitCritical                      0x08002cec   Section        0  port.o(i.vPortExitCritical)
    i.vPortFree                              0x08002d00   Section        0  heap_4.o(i.vPortFree)
    i.vPortSetupTimerInterrupt               0x08002d40   Section        0  port.o(i.vPortSetupTimerInterrupt)
    i.vPortYield                             0x08002d54   Section        0  port.o(i.vPortYield)
    i.vQueueWaitForMessageRestricted         0x08002d6c   Section        0  queue.o(i.vQueueWaitForMessageRestricted)
    i.vTaskDelay                             0x08002da8   Section        0  tasks.o(i.vTaskDelay)
    i.vTaskDelete                            0x08002ddc   Section        0  tasks.o(i.vTaskDelete)
    i.vTaskMissedYield                       0x08002e34   Section        0  tasks.o(i.vTaskMissedYield)
    i.vTaskPlaceOnEventList                  0x08002e40   Section        0  tasks.o(i.vTaskPlaceOnEventList)
    i.vTaskPlaceOnEventListRestricted        0x08002e7c   Section        0  tasks.o(i.vTaskPlaceOnEventListRestricted)
    i.vTaskPriorityDisinherit                0x08002ea4   Section        0  tasks.o(i.vTaskPriorityDisinherit)
    i.vTaskPriorityInherit                   0x08002eec   Section        0  tasks.o(i.vTaskPriorityInherit)
    i.vTaskSetTimeOutState                   0x08002f50   Section        0  tasks.o(i.vTaskSetTimeOutState)
    i.vTaskStartScheduler                    0x08002f60   Section        0  tasks.o(i.vTaskStartScheduler)
    i.vTaskSuspendAll                        0x08002fac   Section        0  tasks.o(i.vTaskSuspendAll)
    i.vTaskSwitchContext                     0x08002fbc   Section        0  tasks.o(i.vTaskSwitchContext)
    i.xPortStartScheduler                    0x08003008   Section        0  port.o(i.xPortStartScheduler)
    i.xQueueGenericCreate                    0x08003048   Section        0  queue.o(i.xQueueGenericCreate)
    i.xQueueGenericReceive                   0x08003090   Section        0  queue.o(i.xQueueGenericReceive)
    i.xQueueGenericReset                     0x08003192   Section        0  queue.o(i.xQueueGenericReset)
    i.xQueueGenericSend                      0x080031f2   Section        0  queue.o(i.xQueueGenericSend)
    i.xQueueGenericSendFromISR               0x080032c8   Section        0  queue.o(i.xQueueGenericSendFromISR)
    i.xTaskCheckForTimeOut                   0x0800332c   Section        0  tasks.o(i.xTaskCheckForTimeOut)
    i.xTaskGenericCreate                     0x08003374   Section        0  tasks.o(i.xTaskGenericCreate)
    i.xTaskGetCurrentTaskHandle              0x080034e0   Section        0  tasks.o(i.xTaskGetCurrentTaskHandle)
    i.xTaskGetSchedulerState                 0x080034ec   Section        0  tasks.o(i.xTaskGetSchedulerState)
    i.xTaskGetTickCount                      0x08003508   Section        0  tasks.o(i.xTaskGetTickCount)
    i.xTaskIncrementTick                     0x08003520   Section        0  tasks.o(i.xTaskIncrementTick)
    i.xTaskRemoveFromEventList               0x080035e0   Section        0  tasks.o(i.xTaskRemoveFromEventList)
    i.xTaskResumeAll                         0x0800363c   Section        0  tasks.o(i.xTaskResumeAll)
    i.xTimerCreateTimerTask                  0x080036e8   Section        0  timers.o(i.xTimerCreateTimerTask)
    i.xTimerGenericCommand                   0x08003728   Section        0  timers.o(i.xTimerGenericCommand)
    i.xTimerIsTimerActive                    0x08003770   Section        0  timers.o(i.xTimerIsTimerActive)
    x$fpl$fpinit                             0x0800378a   Section       10  fpinit.o(x$fpl$fpinit)
    $v0                                      0x0800378a   Number         0  fpinit.o(x$fpl$fpinit)
    .data                                    0x20000000   Section       20  system_stm32f4xx.o(.data)
    .data                                    0x20000014   Section       16  stm32f4xx_rcc.o(.data)
    APBAHBPrescTable                         0x20000014   Data          16  stm32f4xx_rcc.o(.data)
    .data                                    0x20000024   Section       56  tasks.o(.data)
    uxTasksDeleted                           0x20000028   Data           4  tasks.o(.data)
    uxCurrentNumberOfTasks                   0x2000002c   Data           4  tasks.o(.data)
    xTickCount                               0x20000030   Data           4  tasks.o(.data)
    uxTopReadyPriority                       0x20000034   Data           4  tasks.o(.data)
    xSchedulerRunning                        0x20000038   Data           4  tasks.o(.data)
    uxSchedulerSuspended                     0x2000003c   Data           4  tasks.o(.data)
    uxPendedTicks                            0x20000040   Data           4  tasks.o(.data)
    xYieldPending                            0x20000044   Data           4  tasks.o(.data)
    xNumOfOverflows                          0x20000048   Data           4  tasks.o(.data)
    uxTaskNumber                             0x2000004c   Data           4  tasks.o(.data)
    xNextTaskUnblockTime                     0x20000050   Data           4  tasks.o(.data)
    pxDelayedTaskList                        0x20000054   Data           4  tasks.o(.data)
    pxOverflowDelayedTaskList                0x20000058   Data           4  tasks.o(.data)
    .data                                    0x2000005c   Section       16  timers.o(.data)
    xTimerQueue                              0x2000005c   Data           4  timers.o(.data)
    xLastTime                                0x20000060   Data           4  timers.o(.data)
    pxCurrentTimerList                       0x20000064   Data           4  timers.o(.data)
    pxOverflowTimerList                      0x20000068   Data           4  timers.o(.data)
    .data                                    0x2000006c   Section        4  port.o(.data)
    uxCriticalNesting                        0x2000006c   Data           4  port.o(.data)
    .data                                    0x20000070   Section       20  heap_4.o(.data)
    pxEnd                                    0x20000070   Data           4  heap_4.o(.data)
    xFreeBytesRemaining                      0x20000074   Data           4  heap_4.o(.data)
    xBlockAllocatedBit                       0x20000078   Data           4  heap_4.o(.data)
    xStart                                   0x2000007c   Data           8  heap_4.o(.data)
    .data                                    0x20000084   Section       12  ethernetif.o(.data)
    s_pxNetIf                                0x20000084   Data           4  ethernetif.o(.data)
    xTxSemaphore                             0x2000008c   Data           4  ethernetif.o(.data)
    .data                                    0x20000090   Section       66  main.o(.data)
    .data                                    0x200000d2   Section       26  dc_protocol.o(.data)
    IS_INIT                                  0x200000d2   Data           1  dc_protocol.o(.data)
    RECEIVED_CMD                             0x200000d5   Data           5  dc_protocol.o(.data)
    DEFAULT_CMD                              0x200000da   Data           6  dc_protocol.o(.data)
    cmd                                      0x200000e0   Data           6  dc_protocol.o(.data)
    STORE_CMD                                0x200000e6   Data           6  dc_protocol.o(.data)
    .data                                    0x200000ec   Section       12  dc_timer.o(.data)
    .data                                    0x200000f8   Section       44  flash.o(.data)
    .data                                    0x20000124   Section        6  led_buzzer.o(.data)
    .data                                    0x2000012c   Section       12  rtc.o(.data)
    .data                                    0x20000138   Section       16  timer.o(.data)
    tmr25ms                                  0x20000139   Data           1  timer.o(.data)
    tmr32ms                                  0x2000013a   Data           1  timer.o(.data)
    tmr2ms                                   0x2000013b   Data           1  timer.o(.data)
    tmr1ms                                   0x2000013c   Data           1  timer.o(.data)
    tmr1sec                                  0x2000013d   Data           1  timer.o(.data)
    .bss                                     0x20000148   Section      340  tasks.o(.bss)
    pxReadyTasksLists                        0x20000148   Data         240  tasks.o(.bss)
    xDelayedTaskList1                        0x20000238   Data          20  tasks.o(.bss)
    xDelayedTaskList2                        0x2000024c   Data          20  tasks.o(.bss)
    xPendingReadyList                        0x20000260   Data          20  tasks.o(.bss)
    xTasksWaitingTermination                 0x20000274   Data          20  tasks.o(.bss)
    xSuspendedTaskList                       0x20000288   Data          20  tasks.o(.bss)
    .bss                                     0x2000029c   Section       40  timers.o(.bss)
    xActiveTimerList1                        0x2000029c   Data          20  timers.o(.bss)
    xActiveTimerList2                        0x200002b0   Data          20  timers.o(.bss)
    .bss                                     0x200002c4   Section    40960  heap_4.o(.bss)
    ucHeap                                   0x200002c4   Data       40960  heap_4.o(.bss)
    .bss                                     0x2000a2c4   Section       14  dc_protocol.o(.bss)
    mStatus                                  0x2000a2c4   Data          14  dc_protocol.o(.bss)
    .bss                                     0x2000a2d2   Section     4026  flash.o(.bss)
    .bss                                     0x2000b28c   Section       12  rtc.o(.bss)
    .bss                                     0x2000b298   Section      402  timer.o(.bss)
    .bss                                     0x2000b42c   Section       96  libspace.o(.bss)
    HEAP                                     0x2000b490   Section      512  startup_stm32f429x.o(HEAP)
    Heap_Mem                                 0x2000b490   Data         512  startup_stm32f429x.o(HEAP)
    STACK                                    0x2000b690   Section     4096  startup_stm32f429x.o(STACK)
    Stack_Mem                                0x2000b690   Data        4096  startup_stm32f429x.o(STACK)
    __initial_sp                             0x2000c690   Data           0  startup_stm32f429x.o(STACK)

    Global Symbols

    Symbol Name                              Value     Ov Type        Size  Object(Section)

    BuildAttributes$$THM_ISAv4$E$P$D$K$B$S$7EM$VFPi3$EXTD16$VFPS$VFMA$PE$A:L22UL41UL21$X:L11$S22US41US21$IEEE1$IW$USESV6$~STKCKD$USESV7$~SHL$OTIME$ROPI$IEEEJ$EBA8$UX$STANDARDLIB$REQ8$PRES8$EABIv2 0x00000000   Number         0  anon$$obj.o ABSOLUTE
    __ARM_use_no_argv                        0x00000000   Number         0  main.o ABSOLUTE
    _printf_flags                            0x00000000   Number         0  printf_stubs.o ABSOLUTE
    _printf_return_value                     0x00000000   Number         0  printf_stubs.o ABSOLUTE
    _printf_sizespec                         0x00000000   Number         0  printf_stubs.o ABSOLUTE
    _printf_widthprec                        0x00000000   Number         0  printf_stubs.o ABSOLUTE
    __ARM_exceptions_init                     - Undefined Weak Reference
    __alloca_initialize                       - Undefined Weak Reference
    __cpp_initialize__aeabi_                  - Undefined Weak Reference
    __cxa_finalize                            - Undefined Weak Reference
    __sigvec_lookup                           - Undefined Weak Reference
    __user_heap_extent                        - Undefined Weak Reference
    _atexit_init                              - Undefined Weak Reference
    _call_atexit_fns                          - Undefined Weak Reference
    _clock_init                               - Undefined Weak Reference
    _fp_trap_init                             - Undefined Weak Reference
    _fp_trap_shutdown                         - Undefined Weak Reference
    _get_lc_collate                           - Undefined Weak Reference
    _get_lc_ctype                             - Undefined Weak Reference
    _get_lc_monetary                          - Undefined Weak Reference
    _get_lc_time                              - Undefined Weak Reference
    _getenv_init                              - Undefined Weak Reference
    _handle_redirection                       - Undefined Weak Reference
    _mutex_acquire                            - Undefined Weak Reference
    _mutex_free                               - Undefined Weak Reference
    _mutex_release                            - Undefined Weak Reference
    _printf_mbtowc                            - Undefined Weak Reference
    _printf_post_padding                      - Undefined Weak Reference
    _printf_pre_padding                       - Undefined Weak Reference
    _printf_truncate_signed                   - Undefined Weak Reference
    _printf_truncate_unsigned                 - Undefined Weak Reference
    _rand_init                                - Undefined Weak Reference
    _signal_finish                            - Undefined Weak Reference
    _signal_init                              - Undefined Weak Reference
    __Vectors_Size                           0x000001ac   Number         0  startup_stm32f429x.o ABSOLUTE
    __Vectors                                0x08000000   Data           4  startup_stm32f429x.o(RESET)
    __Vectors_End                            0x080001ac   Data           0  startup_stm32f429x.o(RESET)
    __main                                   0x080001ad   Thumb Code     8  __main.o(!!!main)
    __scatterload                            0x080001b5   Thumb Code     0  __scatter.o(!!!scatter)
    __scatterload_rt2                        0x080001b5   Thumb Code    44  __scatter.o(!!!scatter)
    __scatterload_rt2_thumb_only             0x080001b5   Thumb Code     0  __scatter.o(!!!scatter)
    __scatterload_null                       0x080001c3   Thumb Code     0  __scatter.o(!!!scatter)
    __decompress                             0x080001e9   Thumb Code    90  __dczerorl2.o(!!dczerorl2)
    __decompress1                            0x080001e9   Thumb Code     0  __dczerorl2.o(!!dczerorl2)
    __scatterload_zeroinit                   0x08000245   Thumb Code    28  __scatter_zi.o(!!handler_zi)
    __rt_lib_init                            0x08000261   Thumb Code     0  libinit.o(.ARM.Collect$$libinit$$00000000)
    __rt_lib_init_fp_1                       0x08000263   Thumb Code     0  libinit2.o(.ARM.Collect$$libinit$$00000001)
    __rt_lib_init_heap_2                     0x08000267   Thumb Code     0  libinit2.o(.ARM.Collect$$libinit$$00000003)
    __rt_lib_init_alloca_1                   0x0800026f   Thumb Code     0  libinit2.o(.ARM.Collect$$libinit$$0000002C)
    __rt_lib_init_argv_1                     0x0800026f   Thumb Code     0  libinit2.o(.ARM.Collect$$libinit$$0000002A)
    __rt_lib_init_atexit_1                   0x0800026f   Thumb Code     0  libinit2.o(.ARM.Collect$$libinit$$00000019)
    __rt_lib_init_clock_1                    0x0800026f   Thumb Code     0  libinit2.o(.ARM.Collect$$libinit$$0000001F)
    __rt_lib_init_cpp_1                      0x0800026f   Thumb Code     0  libinit2.o(.ARM.Collect$$libinit$$00000030)
    __rt_lib_init_exceptions_1               0x0800026f   Thumb Code     0  libinit2.o(.ARM.Collect$$libinit$$0000002E)
    __rt_lib_init_fp_trap_1                  0x0800026f   Thumb Code     0  libinit2.o(.ARM.Collect$$libinit$$0000001D)
    __rt_lib_init_getenv_1                   0x0800026f   Thumb Code     0  libinit2.o(.ARM.Collect$$libinit$$00000021)
    __rt_lib_init_heap_1                     0x0800026f   Thumb Code     0  libinit2.o(.ARM.Collect$$libinit$$00000008)
    __rt_lib_init_lc_collate_1               0x0800026f   Thumb Code     0  libinit2.o(.ARM.Collect$$libinit$$0000000F)
    __rt_lib_init_lc_ctype_1                 0x0800026f   Thumb Code     0  libinit2.o(.ARM.Collect$$libinit$$00000011)
    __rt_lib_init_lc_monetary_1              0x0800026f   Thumb Code     0  libinit2.o(.ARM.Collect$$libinit$$00000013)
    __rt_lib_init_lc_numeric_1               0x0800026f   Thumb Code     0  libinit2.o(.ARM.Collect$$libinit$$00000015)
    __rt_lib_init_lc_time_1                  0x0800026f   Thumb Code     0  libinit2.o(.ARM.Collect$$libinit$$00000017)
    __rt_lib_init_rand_1                     0x0800026f   Thumb Code     0  libinit2.o(.ARM.Collect$$libinit$$0000000C)
    __rt_lib_init_return                     0x0800026f   Thumb Code     0  libinit2.o(.ARM.Collect$$libinit$$00000031)
    __rt_lib_init_signal_1                   0x0800026f   Thumb Code     0  libinit2.o(.ARM.Collect$$libinit$$0000001B)
    __rt_lib_init_stdio_1                    0x0800026f   Thumb Code     0  libinit2.o(.ARM.Collect$$libinit$$00000023)
    __rt_lib_init_user_alloc_1               0x0800026f   Thumb Code     0  libinit2.o(.ARM.Collect$$libinit$$0000000A)
    __rt_lib_shutdown                        0x08000271   Thumb Code     0  libshutdown.o(.ARM.Collect$$libshutdown$$00000000)
    __rt_lib_shutdown_fp_trap_1              0x08000273   Thumb Code     0  libshutdown2.o(.ARM.Collect$$libshutdown$$00000006)
    __rt_lib_shutdown_heap_1                 0x08000273   Thumb Code     0  libshutdown2.o(.ARM.Collect$$libshutdown$$0000000E)
    __rt_lib_shutdown_return                 0x08000273   Thumb Code     0  libshutdown2.o(.ARM.Collect$$libshutdown$$0000000F)
    __rt_lib_shutdown_signal_1               0x08000273   Thumb Code     0  libshutdown2.o(.ARM.Collect$$libshutdown$$00000009)
    __rt_lib_shutdown_stdio_1                0x08000273   Thumb Code     0  libshutdown2.o(.ARM.Collect$$libshutdown$$00000003)
    __rt_lib_shutdown_user_alloc_1           0x08000273   Thumb Code     0  libshutdown2.o(.ARM.Collect$$libshutdown$$0000000B)
    __rt_entry                               0x08000275   Thumb Code     0  rtentry.o(.ARM.Collect$$rtentry$$00000000)
    __rt_entry_presh_1                       0x08000275   Thumb Code     0  rtentry2.o(.ARM.Collect$$rtentry$$00000002)
    __rt_entry_sh                            0x08000275   Thumb Code     0  rtentry4.o(.ARM.Collect$$rtentry$$00000004)
    __rt_entry_li                            0x0800027b   Thumb Code     0  rtentry2.o(.ARM.Collect$$rtentry$$0000000A)
    __rt_entry_postsh_1                      0x0800027b   Thumb Code     0  rtentry2.o(.ARM.Collect$$rtentry$$00000009)
    __rt_entry_main                          0x0800027f   Thumb Code     0  rtentry2.o(.ARM.Collect$$rtentry$$0000000D)
    __rt_entry_postli_1                      0x0800027f   Thumb Code     0  rtentry2.o(.ARM.Collect$$rtentry$$0000000C)
    __rt_exit                                0x08000287   Thumb Code     0  rtexit.o(.ARM.Collect$$rtexit$$00000000)
    __rt_exit_ls                             0x08000289   Thumb Code     0  rtexit2.o(.ARM.Collect$$rtexit$$00000003)
    __rt_exit_prels_1                        0x08000289   Thumb Code     0  rtexit2.o(.ARM.Collect$$rtexit$$00000002)
    __rt_exit_exit                           0x0800028d   Thumb Code     0  rtexit2.o(.ARM.Collect$$rtexit$$00000004)
    SVC_Handler                              0x08000295   Thumb Code    24  port.o(.emb_text)
    __asm___6_port_c_39a90d8d__prvStartFirstTask 0x080002b1   Thumb Code    16  port.o(.emb_text)
    __asm___6_port_c_39a90d8d__prvEnableVFP  0x080002c5   Thumb Code    16  port.o(.emb_text)
    PendSV_Handler                           0x080002d9   Thumb Code    76  port.o(.emb_text)
    ulPortSetInterruptMask                   0x08000329   Thumb Code    14  port.o(.emb_text)
    vPortClearInterruptMask                  0x08000337   Thumb Code     6  port.o(.emb_text)
    vPortGetIPSR                             0x0800033d   Thumb Code     6  port.o(.emb_text)
    Reset_Handler                            0x08000345   Thumb Code     8  startup_stm32f429x.o(.text)
    _maybe_terminate_alloc                   0x08000345   Thumb Code     0  maybetermalloc1.o(.emb_text)
    ADC_IRQHandler                           0x0800035f   Thumb Code     0  startup_stm32f429x.o(.text)
    CAN1_RX0_IRQHandler                      0x0800035f   Thumb Code     0  startup_stm32f429x.o(.text)
    CAN1_RX1_IRQHandler                      0x0800035f   Thumb Code     0  startup_stm32f429x.o(.text)
    CAN1_SCE_IRQHandler                      0x0800035f   Thumb Code     0  startup_stm32f429x.o(.text)
    CAN1_TX_IRQHandler                       0x0800035f   Thumb Code     0  startup_stm32f429x.o(.text)
    CAN2_RX0_IRQHandler                      0x0800035f   Thumb Code     0  startup_stm32f429x.o(.text)
    CAN2_RX1_IRQHandler                      0x0800035f   Thumb Code     0  startup_stm32f429x.o(.text)
    CAN2_SCE_IRQHandler                      0x0800035f   Thumb Code     0  startup_stm32f429x.o(.text)
    CAN2_TX_IRQHandler                       0x0800035f   Thumb Code     0  startup_stm32f429x.o(.text)
    CRYP_IRQHandler                          0x0800035f   Thumb Code     0  startup_stm32f429x.o(.text)
    DCMI_IRQHandler                          0x0800035f   Thumb Code     0  startup_stm32f429x.o(.text)
    DMA1_Stream0_IRQHandler                  0x0800035f   Thumb Code     0  startup_stm32f429x.o(.text)
    DMA1_Stream1_IRQHandler                  0x0800035f   Thumb Code     0  startup_stm32f429x.o(.text)
    DMA1_Stream2_IRQHandler                  0x0800035f   Thumb Code     0  startup_stm32f429x.o(.text)
    DMA1_Stream3_IRQHandler                  0x0800035f   Thumb Code     0  startup_stm32f429x.o(.text)
    DMA1_Stream4_IRQHandler                  0x0800035f   Thumb Code     0  startup_stm32f429x.o(.text)
    DMA1_Stream5_IRQHandler                  0x0800035f   Thumb Code     0  startup_stm32f429x.o(.text)
    DMA1_Stream6_IRQHandler                  0x0800035f   Thumb Code     0  startup_stm32f429x.o(.text)
    DMA1_Stream7_IRQHandler                  0x0800035f   Thumb Code     0  startup_stm32f429x.o(.text)
    DMA2D_IRQHandler                         0x0800035f   Thumb Code     0  startup_stm32f429x.o(.text)
    DMA2_Stream0_IRQHandler                  0x0800035f   Thumb Code     0  startup_stm32f429x.o(.text)
    DMA2_Stream1_IRQHandler                  0x0800035f   Thumb Code     0  startup_stm32f429x.o(.text)
    DMA2_Stream2_IRQHandler                  0x0800035f   Thumb Code     0  startup_stm32f429x.o(.text)
    DMA2_Stream3_IRQHandler                  0x0800035f   Thumb Code     0  startup_stm32f429x.o(.text)
    DMA2_Stream4_IRQHandler                  0x0800035f   Thumb Code     0  startup_stm32f429x.o(.text)
    DMA2_Stream5_IRQHandler                  0x0800035f   Thumb Code     0  startup_stm32f429x.o(.text)
    DMA2_Stream6_IRQHandler                  0x0800035f   Thumb Code     0  startup_stm32f429x.o(.text)
    DMA2_Stream7_IRQHandler                  0x0800035f   Thumb Code     0  startup_stm32f429x.o(.text)
    ETH_WKUP_IRQHandler                      0x0800035f   Thumb Code     0  startup_stm32f429x.o(.text)
    EXTI0_IRQHandler                         0x0800035f   Thumb Code     0  startup_stm32f429x.o(.text)
    EXTI15_10_IRQHandler                     0x0800035f   Thumb Code     0  startup_stm32f429x.o(.text)
    EXTI2_IRQHandler                         0x0800035f   Thumb Code     0  startup_stm32f429x.o(.text)
    EXTI3_IRQHandler                         0x0800035f   Thumb Code     0  startup_stm32f429x.o(.text)
    EXTI4_IRQHandler                         0x0800035f   Thumb Code     0  startup_stm32f429x.o(.text)
    EXTI9_5_IRQHandler                       0x0800035f   Thumb Code     0  startup_stm32f429x.o(.text)
    FLASH_IRQHandler                         0x0800035f   Thumb Code     0  startup_stm32f429x.o(.text)
    FMC_IRQHandler                           0x0800035f   Thumb Code     0  startup_stm32f429x.o(.text)
    FPU_IRQHandler                           0x0800035f   Thumb Code     0  startup_stm32f429x.o(.text)
    HASH_RNG_IRQHandler                      0x0800035f   Thumb Code     0  startup_stm32f429x.o(.text)
    I2C1_ER_IRQHandler                       0x0800035f   Thumb Code     0  startup_stm32f429x.o(.text)
    I2C1_EV_IRQHandler                       0x0800035f   Thumb Code     0  startup_stm32f429x.o(.text)
    I2C2_ER_IRQHandler                       0x0800035f   Thumb Code     0  startup_stm32f429x.o(.text)
    I2C2_EV_IRQHandler                       0x0800035f   Thumb Code     0  startup_stm32f429x.o(.text)
    I2C3_ER_IRQHandler                       0x0800035f   Thumb Code     0  startup_stm32f429x.o(.text)
    I2C3_EV_IRQHandler                       0x0800035f   Thumb Code     0  startup_stm32f429x.o(.text)
    LTDC_ER_IRQHandler                       0x0800035f   Thumb Code     0  startup_stm32f429x.o(.text)
    LTDC_IRQHandler                          0x0800035f   Thumb Code     0  startup_stm32f429x.o(.text)
    OTG_FS_IRQHandler                        0x0800035f   Thumb Code     0  startup_stm32f429x.o(.text)
    OTG_FS_WKUP_IRQHandler                   0x0800035f   Thumb Code     0  startup_stm32f429x.o(.text)
    OTG_HS_EP1_IN_IRQHandler                 0x0800035f   Thumb Code     0  startup_stm32f429x.o(.text)
    OTG_HS_EP1_OUT_IRQHandler                0x0800035f   Thumb Code     0  startup_stm32f429x.o(.text)
    OTG_HS_IRQHandler                        0x0800035f   Thumb Code     0  startup_stm32f429x.o(.text)
    OTG_HS_WKUP_IRQHandler                   0x0800035f   Thumb Code     0  startup_stm32f429x.o(.text)
    PVD_IRQHandler                           0x0800035f   Thumb Code     0  startup_stm32f429x.o(.text)
    RCC_IRQHandler                           0x0800035f   Thumb Code     0  startup_stm32f429x.o(.text)
    RTC_WKUP_IRQHandler                      0x0800035f   Thumb Code     0  startup_stm32f429x.o(.text)
    SAI1_IRQHandler                          0x0800035f   Thumb Code     0  startup_stm32f429x.o(.text)
    SDIO_IRQHandler                          0x0800035f   Thumb Code     0  startup_stm32f429x.o(.text)
    SPI1_IRQHandler                          0x0800035f   Thumb Code     0  startup_stm32f429x.o(.text)
    SPI2_IRQHandler                          0x0800035f   Thumb Code     0  startup_stm32f429x.o(.text)
    SPI3_IRQHandler                          0x0800035f   Thumb Code     0  startup_stm32f429x.o(.text)
    SPI4_IRQHandler                          0x0800035f   Thumb Code     0  startup_stm32f429x.o(.text)
    SPI5_IRQHandler                          0x0800035f   Thumb Code     0  startup_stm32f429x.o(.text)
    SPI6_IRQHandler                          0x0800035f   Thumb Code     0  startup_stm32f429x.o(.text)
    TAMP_STAMP_IRQHandler                    0x0800035f   Thumb Code     0  startup_stm32f429x.o(.text)
    TIM1_BRK_TIM9_IRQHandler                 0x0800035f   Thumb Code     0  startup_stm32f429x.o(.text)
    TIM1_CC_IRQHandler                       0x0800035f   Thumb Code     0  startup_stm32f429x.o(.text)
    TIM1_TRG_COM_TIM11_IRQHandler            0x0800035f   Thumb Code     0  startup_stm32f429x.o(.text)
    TIM1_UP_TIM10_IRQHandler                 0x0800035f   Thumb Code     0  startup_stm32f429x.o(.text)
    TIM2_IRQHandler                          0x0800035f   Thumb Code     0  startup_stm32f429x.o(.text)
    TIM3_IRQHandler                          0x0800035f   Thumb Code     0  startup_stm32f429x.o(.text)
    TIM4_IRQHandler                          0x0800035f   Thumb Code     0  startup_stm32f429x.o(.text)
    TIM5_IRQHandler                          0x0800035f   Thumb Code     0  startup_stm32f429x.o(.text)
    TIM6_DAC_IRQHandler                      0x0800035f   Thumb Code     0  startup_stm32f429x.o(.text)
    TIM8_BRK_TIM12_IRQHandler                0x0800035f   Thumb Code     0  startup_stm32f429x.o(.text)
    TIM8_CC_IRQHandler                       0x0800035f   Thumb Code     0  startup_stm32f429x.o(.text)
    TIM8_TRG_COM_TIM14_IRQHandler            0x0800035f   Thumb Code     0  startup_stm32f429x.o(.text)
    TIM8_UP_TIM13_IRQHandler                 0x0800035f   Thumb Code     0  startup_stm32f429x.o(.text)
    UART4_IRQHandler                         0x0800035f   Thumb Code     0  startup_stm32f429x.o(.text)
    UART5_IRQHandler                         0x0800035f   Thumb Code     0  startup_stm32f429x.o(.text)
    UART7_IRQHandler                         0x0800035f   Thumb Code     0  startup_stm32f429x.o(.text)
    UART8_IRQHandler                         0x0800035f   Thumb Code     0  startup_stm32f429x.o(.text)
    USART1_IRQHandler                        0x0800035f   Thumb Code     0  startup_stm32f429x.o(.text)
    USART2_IRQHandler                        0x0800035f   Thumb Code     0  startup_stm32f429x.o(.text)
    USART3_IRQHandler                        0x0800035f   Thumb Code     0  startup_stm32f429x.o(.text)
    WWDG_IRQHandler                          0x0800035f   Thumb Code     0  startup_stm32f429x.o(.text)
    __user_initial_stackheap                 0x08000361   Thumb Code     0  startup_stm32f429x.o(.text)
    malloc                                   0x08000385   Thumb Code    94  h1_alloc.o(.text)
    strlen                                   0x080003e3   Thumb Code    62  strlen.o(.text)
    __aeabi_memcpy                           0x08000421   Thumb Code     0  rt_memcpy_v6.o(.text)
    __rt_memcpy                              0x08000421   Thumb Code   138  rt_memcpy_v6.o(.text)
    _memcpy_lastbytes                        0x08000487   Thumb Code     0  rt_memcpy_v6.o(.text)
    __aeabi_memcpy4                          0x080004ab   Thumb Code     0  rt_memcpy_w.o(.text)
    __aeabi_memcpy8                          0x080004ab   Thumb Code     0  rt_memcpy_w.o(.text)
    __rt_memcpy_w                            0x080004ab   Thumb Code   100  rt_memcpy_w.o(.text)
    _memcpy_lastbytes_aligned                0x080004f3   Thumb Code     0  rt_memcpy_w.o(.text)
    __aeabi_memset                           0x0800050f   Thumb Code    16  aeabi_memset.o(.text)
    __aeabi_memclr                           0x0800051f   Thumb Code     0  rt_memclr.o(.text)
    __rt_memclr                              0x0800051f   Thumb Code    68  rt_memclr.o(.text)
    _memset                                  0x08000523   Thumb Code     0  rt_memclr.o(.text)
    __aeabi_memclr4                          0x08000563   Thumb Code     0  rt_memclr_w.o(.text)
    __aeabi_memclr8                          0x08000563   Thumb Code     0  rt_memclr_w.o(.text)
    __rt_memclr_w                            0x08000563   Thumb Code    78  rt_memclr_w.o(.text)
    _memset_w                                0x08000567   Thumb Code     0  rt_memclr_w.o(.text)
    __use_two_region_memory                  0x080005b1   Thumb Code     2  heapauxi.o(.text)
    __rt_heap_escrow                         0x080005b3   Thumb Code     2  heapauxi.o(.text)
    __rt_heap_expand                         0x080005b5   Thumb Code     2  heapauxi.o(.text)
    __rt_heap_descriptor                     0x080005b9   Thumb Code     8  rt_heap_descriptor_intlibspace.o(.text)
    __use_no_heap                            0x080005c1   Thumb Code     2  hguard.o(.text)
    __heap$guard                             0x080005c3   Thumb Code     2  hguard.o(.text)
    _terminate_user_alloc                    0x080005c5   Thumb Code     2  init_alloc.o(.text)
    _init_user_alloc                         0x080005c7   Thumb Code     2  init_alloc.o(.text)
    __Heap_Full                              0x080005c9   Thumb Code    34  init_alloc.o(.text)
    __Heap_Broken                            0x080005eb   Thumb Code     6  init_alloc.o(.text)
    _init_alloc                              0x080005f1   Thumb Code    94  init_alloc.o(.text)
    __Heap_Initialize                        0x0800064f   Thumb Code    10  h1_init.o(.text)
    __Heap_DescSize                          0x08000659   Thumb Code     4  h1_init.o(.text)
    free                                     0x0800065d   Thumb Code    78  h1_free.o(.text)
    __user_libspace                          0x080006ad   Thumb Code     8  libspace.o(.text)
    __user_perproc_libspace                  0x080006ad   Thumb Code     0  libspace.o(.text)
    __user_perthread_libspace                0x080006ad   Thumb Code     0  libspace.o(.text)
    __Heap_ProvideMemory                     0x080006b5   Thumb Code    52  h1_extend.o(.text)
    __rt_SIGRTMEM                            0x080006e9   Thumb Code    14  defsig_rtmem_outer.o(.text)
    __I$use$semihosting                      0x080006f7   Thumb Code     0  use_no_semi.o(.text)
    __use_no_semihosting_swi                 0x080006f7   Thumb Code     2  use_no_semi.o(.text)
    __semihosting_library_function           0x080006f9   Thumb Code     0  indicate_semi.o(.text)
    __user_setup_stackheap                   0x080006f9   Thumb Code    74  sys_stackheap_outer.o(.text)
    exit                                     0x08000743   Thumb Code    12  exit.o(.text)
    __sig_exit                               0x0800074f   Thumb Code    10  defsig_exit.o(.text)
    __rt_SIGRTMEM_inner                      0x08000759   Thumb Code    22  defsig_rtmem_inner.o(.text)
    _sys_exit                                0x080007a9   Thumb Code     8  sys_exit.o(.text)
    __default_signal_display                 0x080007b5   Thumb Code    50  defsig_general.o(.text)
    _ttywrch                                 0x080007e7   Thumb Code    14  sys_wrch.o(.text)
    AC_task                                  0x080007f5   Thumb Code    18  main.o(i.AC_task)
    Blu_Led_Pwm                              0x080008cd   Thumb Code   116  led_buzzer.o(i.Blu_Led_Pwm)
    Blu_Pwm_GPIO_Config                      0x08000951   Thumb Code    68  led_buzzer.o(i.Blu_Pwm_GPIO_Config)
    BusFault_Handler                         0x08000999   Thumb Code     2  stm32f4xx_it.o(i.BusFault_Handler)
    DC_USART_SendBuf                         0x080009c5   Thumb Code    46  dc_config.o(i.DC_USART_SendBuf)
    DC_task                                  0x080009f9   Thumb Code    34  main.o(i.DC_task)
    DebugMon_Handler                         0x08000a31   Thumb Code     2  stm32f4xx_it.o(i.DebugMon_Handler)
    ETH_DMAClearITPendingBit                 0x08000a35   Thumb Code     6  stm32f4x7_eth.o(i.ETH_DMAClearITPendingBit)
    ETH_GetDMAFlagStatus                     0x08000a41   Thumb Code    16  stm32f4x7_eth.o(i.ETH_GetDMAFlagStatus)
    ETH_IRQHandler                           0x08000a55   Thumb Code    60  stm32f4xx_it.o(i.ETH_IRQHandler)
    EXTI1_IRQHandler                         0x08000a99   Thumb Code    36  dc_protocol.o(i.EXTI1_IRQHandler)
    EXTI_ClearITPendingBit                   0x08000acd   Thumb Code     6  stm32f4xx_exti.o(i.EXTI_ClearITPendingBit)
    Flash_Ce_Disable                         0x08000ad9   Thumb Code    20  flash.o(i.Flash_Ce_Disable)
    Flash_Ce_Enable                          0x08000af5   Thumb Code    20  flash.o(i.Flash_Ce_Enable)
    Flash_Check_Bad_Block                    0x08000b11   Thumb Code    90  flash.o(i.Flash_Check_Bad_Block)
    Flash_Init                               0x08000b6d   Thumb Code   430  flash.o(i.Flash_Init)
    Flash_Multi_Gpio_Init                    0x08000d29   Thumb Code   296  flash.o(i.Flash_Multi_Gpio_Init)
    Flash_RB_Value                           0x08000e59   Thumb Code   124  flash.o(i.Flash_RB_Value)
    Flash_Read_8Bit_Data                     0x08000edd   Thumb Code   154  flash.o(i.Flash_Read_8Bit_Data)
    Flash_Read_Data                          0x08000f85   Thumb Code    96  flash.o(i.Flash_Read_Data)
    Flash_Read_ID                            0x08000fe5   Thumb Code    94  flash.o(i.Flash_Read_ID)
    Flash_Read_Io_Status                     0x0800104d   Thumb Code    34  flash.o(i.Flash_Read_Io_Status)
    Flash_Sign_Bad_Block                     0x0800106f   Thumb Code   130  flash.o(i.Flash_Sign_Bad_Block)
    Flash_Write_1Byte_Address                0x080010f1   Thumb Code    32  flash.o(i.Flash_Write_1Byte_Address)
    Flash_Write_8Bit_Data                    0x08001115   Thumb Code   200  flash.o(i.Flash_Write_8Bit_Data)
    Flash_Write_Command                      0x080011ed   Thumb Code    36  flash.o(i.Flash_Write_Command)
    Flash_Write_Data                         0x08001219   Thumb Code   206  flash.o(i.Flash_Write_Data)
    Flash_Write_Row_Column_Address           0x080012e9   Thumb Code    82  flash.o(i.Flash_Write_Row_Column_Address)
    Flash_Write_UserData                     0x08001341   Thumb Code   350  flash.o(i.Flash_Write_UserData)
    GPIO_Init                                0x080014a9   Thumb Code   162  stm32f4xx_gpio.o(i.GPIO_Init)
    GPIO_PinAFConfig                         0x0800154b   Thumb Code    32  stm32f4xx_gpio.o(i.GPIO_PinAFConfig)
    GPIO_StructInit                          0x0800156b   Thumb Code    18  stm32f4xx_gpio.o(i.GPIO_StructInit)
    HardFault_Handler                        0x0800157d   Thumb Code     2  stm32f4xx_it.o(i.HardFault_Handler)
    Init                                     0x0800157f   Thumb Code    30  main.o(i.Init)
    List_Array                               0x0800159d   Thumb Code   108  flash.o(i.List_Array)
    Main_task                                0x0800160d   Thumb Code   140  main.o(i.Main_task)
    MemManage_Handler                        0x080016b1   Thumb Code     2  stm32f4xx_it.o(i.MemManage_Handler)
    NMI_Handler                              0x080016b3   Thumb Code     2  stm32f4xx_it.o(i.NMI_Handler)
    NVIC_Init                                0x080016b5   Thumb Code    92  misc.o(i.NVIC_Init)
    PWR_BackupAccessCmd                      0x08001719   Thumb Code     6  stm32f4xx_pwr.o(i.PWR_BackupAccessCmd)
    RCC_AHB1PeriphClockCmd                   0x08001725   Thumb Code    18  stm32f4xx_rcc.o(i.RCC_AHB1PeriphClockCmd)
    RCC_APB1PeriphClockCmd                   0x0800173d   Thumb Code    18  stm32f4xx_rcc.o(i.RCC_APB1PeriphClockCmd)
    RCC_APB2PeriphClockCmd                   0x08001755   Thumb Code    18  stm32f4xx_rcc.o(i.RCC_APB2PeriphClockCmd)
    RCC_GetClocksFreq                        0x0800176d   Thumb Code   132  stm32f4xx_rcc.o(i.RCC_GetClocksFreq)
    RCC_GetFlagStatus                        0x08001801   Thumb Code    46  stm32f4xx_rcc.o(i.RCC_GetFlagStatus)
    RCC_LSEConfig                            0x08001835   Thumb Code    22  stm32f4xx_rcc.o(i.RCC_LSEConfig)
    RCC_RTCCLKCmd                            0x08001851   Thumb Code     6  stm32f4xx_rcc.o(i.RCC_RTCCLKCmd)
    RCC_RTCCLKConfig                         0x0800185d   Thumb Code    40  stm32f4xx_rcc.o(i.RCC_RTCCLKConfig)
    RCC_TIMCLKPresConfig                     0x0800188d   Thumb Code     6  stm32f4xx_rcc.o(i.RCC_TIMCLKPresConfig)
    RTC_Alarm_IRQHandler                     0x08001899   Thumb Code    34  rtc.o(i.RTC_Alarm_IRQHandler)
    RTC_ClearITPendingBit                    0x080018ed   Thumb Code    24  stm32f4xx_rtc.o(i.RTC_ClearITPendingBit)
    RTC_Configuration                        0x08001909   Thumb Code    98  rtc.o(i.RTC_Configuration)
    RTC_EnterInitMode                        0x08001975   Thumb Code    56  stm32f4xx_rtc.o(i.RTC_EnterInitMode)
    RTC_ExitInitMode                         0x080019b1   Thumb Code    12  stm32f4xx_rtc.o(i.RTC_ExitInitMode)
    RTC_GetDate                              0x080019c1   Thumb Code    64  stm32f4xx_rtc.o(i.RTC_GetDate)
    RTC_GetITStatus                          0x08001a09   Thumb Code    46  stm32f4xx_rtc.o(i.RTC_GetITStatus)
    RTC_GetTime                              0x08001a41   Thumb Code    68  stm32f4xx_rtc.o(i.RTC_GetTime)
    RTC_Init                                 0x08001a8d   Thumb Code    74  stm32f4xx_rtc.o(i.RTC_Init)
    RTC_SetDate                              0x08001add   Thumb Code   146  stm32f4xx_rtc.o(i.RTC_SetDate)
    RTC_SetTime                              0x08001b79   Thumb Code   152  stm32f4xx_rtc.o(i.RTC_SetTime)
    RTC_WaitForSynchro                       0x08001c19   Thumb Code    70  stm32f4xx_rtc.o(i.RTC_WaitForSynchro)
    ReadCmdFromMachine                       0x08001c65   Thumb Code   444  dc_protocol.o(i.ReadCmdFromMachine)
    SysTick_Handler                          0x08001f7d   Thumb Code    30  port.o(i.SysTick_Handler)
    SystemInit                               0x08001fa1   Thumb Code    74  system_stm32f4xx.o(i.SystemInit)
    TIM7_IRQHandler                          0x08001ffd   Thumb Code   188  timer.o(i.TIM7_IRQHandler)
    TIM_ARRPreloadConfig                     0x080020c5   Thumb Code    20  stm32f4xx_tim.o(i.TIM_ARRPreloadConfig)
    TIM_ClearITPendingBit                    0x080020d9   Thumb Code     6  stm32f4xx_tim.o(i.TIM_ClearITPendingBit)
    TIM_Cmd                                  0x080020df   Thumb Code    20  stm32f4xx_tim.o(i.TIM_Cmd)
    TIM_GetFlagStatus                        0x080020f3   Thumb Code    14  stm32f4xx_tim.o(i.TIM_GetFlagStatus)
    TIM_OC1Init                              0x08002101   Thumb Code    88  stm32f4xx_tim.o(i.TIM_OC1Init)
    TIM_OC1PreloadConfig                     0x08002161   Thumb Code    12  stm32f4xx_tim.o(i.TIM_OC1PreloadConfig)
    TIM_TimeBaseInit                         0x0800216d   Thumb Code    96  stm32f4xx_tim.o(i.TIM_TimeBaseInit)
    TaskReceive                              0x080021e9   Thumb Code    16  dc_protocol.o(i.TaskReceive)
    Tem_Rh_Gpio_Init                         0x080021f9   Thumb Code    64  tem_rh.o(i.Tem_Rh_Gpio_Init)
    Test_Two_Mermory_Same_Or_Not             0x0800223d   Thumb Code    30  flash.o(i.Test_Two_Mermory_Same_Or_Not)
    Touch_task                               0x0800225d   Thumb Code    56  main.o(i.Touch_task)
    USART6_IRQHandler                        0x080022ad   Thumb Code    30  debug_uart.o(i.USART6_IRQHandler)
    USART_ClearFlag                          0x080022d1   Thumb Code     6  stm32f4xx_usart.o(i.USART_ClearFlag)
    USART_ClockInit                          0x080022d7   Thumb Code    28  stm32f4xx_usart.o(i.USART_ClockInit)
    USART_ClockStructInit                    0x080022f3   Thumb Code    12  stm32f4xx_usart.o(i.USART_ClockStructInit)
    USART_Cmd                                0x080022ff   Thumb Code    20  stm32f4xx_usart.o(i.USART_Cmd)
    USART_GetFlagStatus                      0x08002313   Thumb Code    14  stm32f4xx_usart.o(i.USART_GetFlagStatus)
    USART_ITConfig                           0x08002321   Thumb Code    48  stm32f4xx_usart.o(i.USART_ITConfig)
    USART_Init                               0x08002351   Thumb Code   174  stm32f4xx_usart.o(i.USART_Init)
    USART_SendData                           0x08002409   Thumb Code     8  stm32f4xx_usart.o(i.USART_SendData)
    USART_StructInit                         0x08002411   Thumb Code    22  stm32f4xx_usart.o(i.USART_StructInit)
    UsageFault_Handler                       0x08002427   Thumb Code     2  stm32f4xx_it.o(i.UsageFault_Handler)
    Wifi_task                                0x08002429   Thumb Code    18  main.o(i.Wifi_task)
    getElecLevel                             0x08002451   Thumb Code    10  dc_config.o(i.getElecLevel)
    main                                     0x0800245d   Thumb Code   130  main.o(i.main)
    ms_Delay                                 0x08002529   Thumb Code    28  main.o(i.ms_Delay)
    pvPortMalloc                             0x08002991   Thumb Code   140  heap_4.o(i.pvPortMalloc)
    pxPortInitialiseStack                    0x08002a21   Thumb Code    34  port.o(i.pxPortInitialiseStack)
    queue_init                               0x08002a45   Thumb Code   102  main.o(i.queue_init)
    rtc_init                                 0x08002ab1   Thumb Code    86  rtc.o(i.rtc_init)
    uart_init                                0x08002b09   Thumb Code   218  debug_uart.o(i.uart_init)
    uart_putchar                             0x08002bed   Thumb Code    26  debug_uart.o(i.uart_putchar)
    uart_putstr                              0x08002c0d   Thumb Code    38  debug_uart.o(i.uart_putstr)
    us_Delay                                 0x08002c33   Thumb Code    20  main.o(i.us_Delay)
    uxListRemove                             0x08002c47   Thumb Code    36  list.o(i.uxListRemove)
    vListInitialise                          0x08002c6b   Thumb Code    22  list.o(i.vListInitialise)
    vListInitialiseItem                      0x08002c81   Thumb Code     6  list.o(i.vListInitialiseItem)
    vListInsert                              0x08002c87   Thumb Code    48  list.o(i.vListInsert)
    vListInsertEnd                           0x08002cb7   Thumb Code    24  list.o(i.vListInsertEnd)
    vPortEnterCritical                       0x08002cd1   Thumb Code    24  port.o(i.vPortEnterCritical)
    vPortExitCritical                        0x08002ced   Thumb Code    16  port.o(i.vPortExitCritical)
    vPortFree                                0x08002d01   Thumb Code    58  heap_4.o(i.vPortFree)
    vPortSetupTimerInterrupt                 0x08002d41   Thumb Code    14  port.o(i.vPortSetupTimerInterrupt)
    vPortYield                               0x08002d55   Thumb Code    18  port.o(i.vPortYield)
    vQueueWaitForMessageRestricted           0x08002d6d   Thumb Code    58  queue.o(i.vQueueWaitForMessageRestricted)
    vTaskDelay                               0x08002da9   Thumb Code    48  tasks.o(i.vTaskDelay)
    vTaskDelete                              0x08002ddd   Thumb Code    78  tasks.o(i.vTaskDelete)
    vTaskMissedYield                         0x08002e35   Thumb Code     8  tasks.o(i.vTaskMissedYield)
    vTaskPlaceOnEventList                    0x08002e41   Thumb Code    52  tasks.o(i.vTaskPlaceOnEventList)
    vTaskPlaceOnEventListRestricted          0x08002e7d   Thumb Code    34  tasks.o(i.vTaskPlaceOnEventListRestricted)
    vTaskPriorityDisinherit                  0x08002ea5   Thumb Code    64  tasks.o(i.vTaskPriorityDisinherit)
    vTaskPriorityInherit                     0x08002eed   Thumb Code    92  tasks.o(i.vTaskPriorityInherit)
    vTaskSetTimeOutState                     0x08002f51   Thumb Code    12  tasks.o(i.vTaskSetTimeOutState)
    vTaskStartScheduler                      0x08002f61   Thumb Code    58  tasks.o(i.vTaskStartScheduler)
    vTaskSuspendAll                          0x08002fad   Thumb Code    10  tasks.o(i.vTaskSuspendAll)
    vTaskSwitchContext                       0x08002fbd   Thumb Code    66  tasks.o(i.vTaskSwitchContext)
    xPortStartScheduler                      0x08003009   Thumb Code    52  port.o(i.xPortStartScheduler)
    xQueueGenericCreate                      0x08003049   Thumb Code    72  queue.o(i.xQueueGenericCreate)
    xQueueGenericReceive                     0x08003091   Thumb Code   258  queue.o(i.xQueueGenericReceive)
    xQueueGenericReset                       0x08003193   Thumb Code    96  queue.o(i.xQueueGenericReset)
    xQueueGenericSend                        0x080031f3   Thumb Code   214  queue.o(i.xQueueGenericSend)
    xQueueGenericSendFromISR                 0x080032c9   Thumb Code    98  queue.o(i.xQueueGenericSendFromISR)
    xTaskCheckForTimeOut                     0x0800332d   Thumb Code    66  tasks.o(i.xTaskCheckForTimeOut)
    xTaskGenericCreate                       0x08003375   Thumb Code   350  tasks.o(i.xTaskGenericCreate)
    xTaskGetCurrentTaskHandle                0x080034e1   Thumb Code     6  tasks.o(i.xTaskGetCurrentTaskHandle)
    xTaskGetSchedulerState                   0x080034ed   Thumb Code    22  tasks.o(i.xTaskGetSchedulerState)
    xTaskGetTickCount                        0x08003509   Thumb Code    18  tasks.o(i.xTaskGetTickCount)
    xTaskIncrementTick                       0x08003521   Thumb Code   182  tasks.o(i.xTaskIncrementTick)
    xTaskRemoveFromEventList                 0x080035e1   Thumb Code    78  tasks.o(i.xTaskRemoveFromEventList)
    xTaskResumeAll                           0x0800363d   Thumb Code   162  tasks.o(i.xTaskResumeAll)
    xTimerCreateTimerTask                    0x080036e9   Thumb Code    46  timers.o(i.xTimerCreateTimerTask)
    xTimerGenericCommand                     0x08003729   Thumb Code    66  timers.o(i.xTimerGenericCommand)
    xTimerIsTimerActive                      0x08003771   Thumb Code    26  timers.o(i.xTimerIsTimerActive)
    _fp_init                                 0x0800378b   Thumb Code    10  fpinit.o(x$fpl$fpinit)
    __fplib_config_fpu_vfp                   0x08003793   Thumb Code     0  fpinit.o(x$fpl$fpinit)
    __fplib_config_pureend_doubles           0x08003793   Thumb Code     0  fpinit.o(x$fpl$fpinit)
    Region$$Table$$Base                      0x08003794   Number         0  anon$$obj.o(Region$$Table)
    Region$$Table$$Limit                     0x080037b4   Number         0  anon$$obj.o(Region$$Table)
    SystemCoreClock                          0x20000000   Data           4  system_stm32f4xx.o(.data)
    AHBPrescTable                            0x20000004   Data          16  system_stm32f4xx.o(.data)
    pxCurrentTCB                             0x20000024   Data           4  tasks.o(.data)
    s_xSemaphore                             0x20000088   Data           4  ethernetif.o(.data)
    RTC_DateStruct_get                       0x20000090   Data           4  main.o(.data)
    RTC_TimeStruct_get                       0x20000094   Data           4  main.o(.data)
    WifiSendQueue                            0x20000098   Data           4  main.o(.data)
    WifiReceQueue                            0x2000009c   Data           4  main.o(.data)
    DCSendQueue                              0x200000a0   Data           4  main.o(.data)
    DCReceQueue                              0x200000a4   Data           4  main.o(.data)
    ACSendQueue                              0x200000a8   Data           4  main.o(.data)
    ACReceQueue                              0x200000ac   Data           4  main.o(.data)
    TouchSendQueue                           0x200000b0   Data           4  main.o(.data)
    TouchReceQueue                           0x200000b4   Data           4  main.o(.data)
    air_condition_current                    0x200000b8   Data          26  main.o(.data)
    CFlag                                    0x200000d3   Data           1  dc_protocol.o(.data)
    BUS_STAYUS                               0x200000d4   Data           1  dc_protocol.o(.data)
    xTimerMain                               0x200000ec   Data           4  dc_timer.o(.data)
    xTimerInit                               0x200000f0   Data           4  dc_timer.o(.data)
    xTimerSend                               0x200000f4   Data           4  dc_timer.o(.data)
    InterruptOccurWhenFlashOperatorFlag      0x200000f8   Data           1  flash.o(.data)
    FlashIoStatus                            0x200000f9   Data           1  flash.o(.data)
    FlashCeStatus                            0x200000fa   Data           1  flash.o(.data)
    FlashWorkFlag_union                      0x200000fb   Data           1  flash.o(.data)
    BlockPicSize                             0x200000fc   Data           2  flash.o(.data)
    temp_summer_length                       0x200000fe   Data           2  flash.o(.data)
    temp_spring_length                       0x20000100   Data           2  flash.o(.data)
    temp_winter_length                       0x20000102   Data           2  flash.o(.data)
    temp_summer_head                         0x20000104   Data           4  flash.o(.data)
    temp_summer_p                            0x20000108   Data           4  flash.o(.data)
    temp_spring_head                         0x2000010c   Data           4  flash.o(.data)
    temp_spring_p                            0x20000110   Data           4  flash.o(.data)
    temp_winter_head                         0x20000114   Data           4  flash.o(.data)
    temp_winter_p                            0x20000118   Data           4  flash.o(.data)
    FlashIoOutputValue_Union                 0x2000011c   Data           4  flash.o(.data)
    FlashIoInputValue_Union                  0x20000120   Data           4  flash.o(.data)
    Led_NO                                   0x20000124   Data           1  led_buzzer.o(.data)
    led_up                                   0x20000125   Data           1  led_buzzer.o(.data)
    low_time                                 0x20000126   Data           1  led_buzzer.o(.data)
    Breath_Colour                            0x20000127   Data           1  led_buzzer.o(.data)
    CCR4_Val                                 0x20000128   Data           2  led_buzzer.o(.data)
    RTC_Error                                0x2000012c   Data           1  rtc.o(.data)
    alarm_now                                0x2000012d   Data           1  rtc.o(.data)
    RTC_HandlerFlag                          0x2000012e   Data           1  rtc.o(.data)
    CaptureNumber                            0x20000130   Data           4  rtc.o(.data)
    PeriodValue                              0x20000134   Data           4  rtc.o(.data)
    TimeShortFlag                            0x20000138   Data           1  timer.o(.data)
    MainTimerFlag                            0x2000013e   Data           2  timer.o(.data)
    ThermoOnOffTimeSec                       0x20000140   Data           4  timer.o(.data)
    INVOnOffTimeSec                          0x20000144   Data           4  timer.o(.data)
    user_data                                0x2000a2d2   Data          26  flash.o(.bss)
    BlockPic                                 0x2000a2ec   Data        4000  flash.o(.bss)
    RTC_InitStructure                        0x2000b28c   Data          12  rtc.o(.bss)
    TimerBuffer                              0x2000b298   Data         256  timer.o(.bss)
    TimerBase                                0x2000b398   Data          32  timer.o(.bss)
    TimerBase_Short                          0x2000b3b8   Data          32  timer.o(.bss)
    TimerTasks                               0x2000b3d8   Data          64  timer.o(.bss)
    FastTimerBuffer                          0x2000b418   Data          18  timer.o(.bss)
    __libspace_start                         0x2000b42c   Data          96  libspace.o(.bss)
    __temporary_stack_top$libspace           0x2000b48c   Data           0  libspace.o(.bss)



==============================================================================

Memory Map of the image

  Image Entry point : 0x080001ad

  Load Region LR_IROM1 (Base: 0x08000000, Size: 0x000038fc, Max: 0x00200000, ABSOLUTE, COMPRESSED[0x000037f0])

    Execution Region ER_IROM1 (Base: 0x08000000, Size: 0x000037b4, Max: 0x00200000, ABSOLUTE)

    Base Addr    Size         Type   Attr      Idx    E Section Name        Object

    0x08000000   0x000001ac   Data   RO            3    RESET               startup_stm32f429x.o
    0x080001ac   0x00000008   Code   RO        10295  * !!!main             c_w.l(__main.o)
    0x080001b4   0x00000034   Code   RO        10671    !!!scatter          c_w.l(__scatter.o)
    0x080001e8   0x0000005a   Code   RO        10669    !!dczerorl2         c_w.l(__dczerorl2.o)
    0x08000242   0x00000002   PAD
    0x08000244   0x0000001c   Code   RO        10673    !!handler_zi        c_w.l(__scatter_zi.o)
    0x08000260   0x00000002   Code   RO        10580    .ARM.Collect$$libinit$$00000000  c_w.l(libinit.o)
    0x08000262   0x00000004   Code   RO        10380    .ARM.Collect$$libinit$$00000001  c_w.l(libinit2.o)
    0x08000266   0x00000008   Code   RO        10382    .ARM.Collect$$libinit$$00000003  c_w.l(libinit2.o)
    0x0800026e   0x00000000   Code   RO        10384    .ARM.Collect$$libinit$$00000008  c_w.l(libinit2.o)
    0x0800026e   0x00000000   Code   RO        10386    .ARM.Collect$$libinit$$0000000A  c_w.l(libinit2.o)
    0x0800026e   0x00000000   Code   RO        10388    .ARM.Collect$$libinit$$0000000C  c_w.l(libinit2.o)
    0x0800026e   0x00000000   Code   RO        10391    .ARM.Collect$$libinit$$0000000F  c_w.l(libinit2.o)
    0x0800026e   0x00000000   Code   RO        10393    .ARM.Collect$$libinit$$00000011  c_w.l(libinit2.o)
    0x0800026e   0x00000000   Code   RO        10395    .ARM.Collect$$libinit$$00000013  c_w.l(libinit2.o)
    0x0800026e   0x00000000   Code   RO        10397    .ARM.Collect$$libinit$$00000015  c_w.l(libinit2.o)
    0x0800026e   0x00000000   Code   RO        10399    .ARM.Collect$$libinit$$00000017  c_w.l(libinit2.o)
    0x0800026e   0x00000000   Code   RO        10401    .ARM.Collect$$libinit$$00000019  c_w.l(libinit2.o)
    0x0800026e   0x00000000   Code   RO        10403    .ARM.Collect$$libinit$$0000001B  c_w.l(libinit2.o)
    0x0800026e   0x00000000   Code   RO        10405    .ARM.Collect$$libinit$$0000001D  c_w.l(libinit2.o)
    0x0800026e   0x00000000   Code   RO        10407    .ARM.Collect$$libinit$$0000001F  c_w.l(libinit2.o)
    0x0800026e   0x00000000   Code   RO        10409    .ARM.Collect$$libinit$$00000021  c_w.l(libinit2.o)
    0x0800026e   0x00000000   Code   RO        10411    .ARM.Collect$$libinit$$00000023  c_w.l(libinit2.o)
    0x0800026e   0x00000000   Code   RO        10415    .ARM.Collect$$libinit$$0000002A  c_w.l(libinit2.o)
    0x0800026e   0x00000000   Code   RO        10417    .ARM.Collect$$libinit$$0000002C  c_w.l(libinit2.o)
    0x0800026e   0x00000000   Code   RO        10419    .ARM.Collect$$libinit$$0000002E  c_w.l(libinit2.o)
    0x0800026e   0x00000000   Code   RO        10421    .ARM.Collect$$libinit$$00000030  c_w.l(libinit2.o)
    0x0800026e   0x00000002   Code   RO        10422    .ARM.Collect$$libinit$$00000031  c_w.l(libinit2.o)
    0x08000270   0x00000002   Code   RO        10666    .ARM.Collect$$libshutdown$$00000000  c_w.l(libshutdown.o)
    0x08000272   0x00000000   Code   RO        10583    .ARM.Collect$$libshutdown$$00000003  c_w.l(libshutdown2.o)
    0x08000272   0x00000000   Code   RO        10586    .ARM.Collect$$libshutdown$$00000006  c_w.l(libshutdown2.o)
    0x08000272   0x00000000   Code   RO        10589    .ARM.Collect$$libshutdown$$00000009  c_w.l(libshutdown2.o)
    0x08000272   0x00000000   Code   RO        10591    .ARM.Collect$$libshutdown$$0000000B  c_w.l(libshutdown2.o)
    0x08000272   0x00000000   Code   RO        10594    .ARM.Collect$$libshutdown$$0000000E  c_w.l(libshutdown2.o)
    0x08000272   0x00000002   Code   RO        10595    .ARM.Collect$$libshutdown$$0000000F  c_w.l(libshutdown2.o)
    0x08000274   0x00000000   Code   RO        10331    .ARM.Collect$$rtentry$$00000000  c_w.l(rtentry.o)
    0x08000274   0x00000000   Code   RO        10440    .ARM.Collect$$rtentry$$00000002  c_w.l(rtentry2.o)
    0x08000274   0x00000006   Code   RO        10452    .ARM.Collect$$rtentry$$00000004  c_w.l(rtentry4.o)
    0x0800027a   0x00000000   Code   RO        10442    .ARM.Collect$$rtentry$$00000009  c_w.l(rtentry2.o)
    0x0800027a   0x00000004   Code   RO        10443    .ARM.Collect$$rtentry$$0000000A  c_w.l(rtentry2.o)
    0x0800027e   0x00000000   Code   RO        10445    .ARM.Collect$$rtentry$$0000000C  c_w.l(rtentry2.o)
    0x0800027e   0x00000008   Code   RO        10446    .ARM.Collect$$rtentry$$0000000D  c_w.l(rtentry2.o)
    0x08000286   0x00000002   Code   RO        10600    .ARM.Collect$$rtexit$$00000000  c_w.l(rtexit.o)
    0x08000288   0x00000000   Code   RO        10627    .ARM.Collect$$rtexit$$00000002  c_w.l(rtexit2.o)
    0x08000288   0x00000004   Code   RO        10628    .ARM.Collect$$rtexit$$00000003  c_w.l(rtexit2.o)
    0x0800028c   0x00000006   Code   RO        10629    .ARM.Collect$$rtexit$$00000004  c_w.l(rtexit2.o)
    0x08000292   0x00000002   PAD
    0x08000294   0x000000ae   Code   RO         5450    .emb_text           port.o
    0x08000342   0x00000002   PAD
    0x08000344   0x00000000   Code   RO        10461    .emb_text           c_w.l(maybetermalloc1.o)
    0x08000344   0x00000040   Code   RO            4    .text               startup_stm32f429x.o
    0x08000384   0x0000005e   Code   RO        10191    .text               c_w.l(h1_alloc.o)
    0x080003e2   0x0000003e   Code   RO        10281    .text               c_w.l(strlen.o)
    0x08000420   0x0000008a   Code   RO        10283    .text               c_w.l(rt_memcpy_v6.o)
    0x080004aa   0x00000064   Code   RO        10285    .text               c_w.l(rt_memcpy_w.o)
    0x0800050e   0x00000010   Code   RO        10287    .text               c_w.l(aeabi_memset.o)
    0x0800051e   0x00000044   Code   RO        10289    .text               c_w.l(rt_memclr.o)
    0x08000562   0x0000004e   Code   RO        10291    .text               c_w.l(rt_memclr_w.o)
    0x080005b0   0x00000006   Code   RO        10293    .text               c_w.l(heapauxi.o)
    0x080005b6   0x00000002   PAD
    0x080005b8   0x00000008   Code   RO        10335    .text               c_w.l(rt_heap_descriptor_intlibspace.o)
    0x080005c0   0x00000004   Code   RO        10337    .text               c_w.l(hguard.o)
    0x080005c4   0x0000008a   Code   RO        10339    .text               c_w.l(init_alloc.o)
    0x0800064e   0x0000000e   Code   RO        10345    .text               c_w.l(h1_init.o)
    0x0800065c   0x0000004e   Code   RO        10347    .text               c_w.l(h1_free.o)
    0x080006aa   0x00000002   PAD
    0x080006ac   0x00000008   Code   RO        10436    .text               c_w.l(libspace.o)
    0x080006b4   0x00000034   Code   RO        10463    .text               c_w.l(h1_extend.o)
    0x080006e8   0x0000000e   Code   RO        10515    .text               c_w.l(defsig_rtmem_outer.o)
    0x080006f6   0x00000002   Code   RO        10535    .text               c_w.l(use_no_semi.o)
    0x080006f8   0x00000000   Code   RO        10537    .text               c_w.l(indicate_semi.o)
    0x080006f8   0x0000004a   Code   RO        10538    .text               c_w.l(sys_stackheap_outer.o)
    0x08000742   0x0000000c   Code   RO        10559    .text               c_w.l(exit.o)
    0x0800074e   0x0000000a   Code   RO        10561    .text               c_w.l(defsig_exit.o)
    0x08000758   0x00000050   Code   RO        10567    .text               c_w.l(defsig_rtmem_inner.o)
    0x080007a8   0x0000000c   Code   RO        10598    .text               c_w.l(sys_exit.o)
    0x080007b4   0x00000032   Code   RO        10618    .text               c_w.l(defsig_general.o)
    0x080007e6   0x0000000e   Code   RO        10624    .text               c_w.l(sys_wrch.o)
    0x080007f4   0x00000024   Code   RO         8101    i.AC_task           main.o
    0x08000818   0x000000b4   Code   RO         8857    i.AnalysisCmd       dc_protocol.o
    0x080008cc   0x00000084   Code   RO         9592    i.Blu_Led_Pwm       led_buzzer.o
    0x08000950   0x00000048   Code   RO         9593    i.Blu_Pwm_GPIO_Config  led_buzzer.o
    0x08000998   0x00000002   Code   RO         9879    i.BusFault_Handler  stm32f4xx_it.o
    0x0800099a   0x0000001a   Code   RO         8858    i.CheckFunction     dc_protocol.o
    0x080009b4   0x00000010   Code   RO         8859    i.CmdCopy           dc_protocol.o
    0x080009c4   0x00000034   Code   RO         8796    i.DC_USART_SendBuf  dc_config.o
    0x080009f8   0x00000038   Code   RO         8102    i.DC_task           main.o
    0x08000a30   0x00000002   Code   RO         9880    i.DebugMon_Handler  stm32f4xx_it.o
    0x08000a32   0x00000002   PAD
    0x08000a34   0x0000000c   Code   RO         8274    i.ETH_DMAClearITPendingBit  stm32f4x7_eth.o
    0x08000a40   0x00000014   Code   RO         8297    i.ETH_GetDMAFlagStatus  stm32f4x7_eth.o
    0x08000a54   0x00000044   Code   RO         9881    i.ETH_IRQHandler    stm32f4xx_it.o
    0x08000a98   0x00000034   Code   RO         8863    i.EXTI1_IRQHandler  dc_protocol.o
    0x08000acc   0x0000000c   Code   RO         1410    i.EXTI_ClearITPendingBit  stm32f4xx_exti.o
    0x08000ad8   0x0000001c   Code   RO         9219    i.Flash_Ce_Disable  flash.o
    0x08000af4   0x0000001c   Code   RO         9220    i.Flash_Ce_Enable   flash.o
    0x08000b10   0x0000005a   Code   RO         9221    i.Flash_Check_Bad_Block  flash.o
    0x08000b6a   0x00000002   PAD
    0x08000b6c   0x000001bc   Code   RO         9224    i.Flash_Init        flash.o
    0x08000d28   0x00000130   Code   RO         9225    i.Flash_Multi_Gpio_Init  flash.o
    0x08000e58   0x00000084   Code   RO         9226    i.Flash_RB_Value    flash.o
    0x08000edc   0x000000a8   Code   RO         9227    i.Flash_Read_8Bit_Data  flash.o
    0x08000f84   0x00000060   Code   RO         9228    i.Flash_Read_Data   flash.o
    0x08000fe4   0x00000068   Code   RO         9229    i.Flash_Read_ID     flash.o
    0x0800104c   0x00000022   Code   RO         9230    i.Flash_Read_Io_Status  flash.o
    0x0800106e   0x00000082   Code   RO         9235    i.Flash_Sign_Bad_Block  flash.o
    0x080010f0   0x00000024   Code   RO         9237    i.Flash_Write_1Byte_Address  flash.o
    0x08001114   0x000000d8   Code   RO         9238    i.Flash_Write_8Bit_Data  flash.o
    0x080011ec   0x0000002c   Code   RO         9240    i.Flash_Write_Command  flash.o
    0x08001218   0x000000ce   Code   RO         9241    i.Flash_Write_Data  flash.o
    0x080012e6   0x00000002   PAD
    0x080012e8   0x00000058   Code   RO         9244    i.Flash_Write_Row_Column_Address  flash.o
    0x08001340   0x00000168   Code   RO         9245    i.Flash_Write_UserData  flash.o
    0x080014a8   0x000000a2   Code   RO         1902    i.GPIO_Init         stm32f4xx_gpio.o
    0x0800154a   0x00000020   Code   RO         1903    i.GPIO_PinAFConfig  stm32f4xx_gpio.o
    0x0800156a   0x00000012   Code   RO         1911    i.GPIO_StructInit   stm32f4xx_gpio.o
    0x0800157c   0x00000002   Code   RO         9882    i.HardFault_Handler  stm32f4xx_it.o
    0x0800157e   0x0000001e   Code   RO         8103    i.Init              main.o
    0x0800159c   0x00000070   Code   RO         9246    i.List_Array        flash.o
    0x0800160c   0x000000a4   Code   RO         8104    i.Main_task         main.o
    0x080016b0   0x00000002   Code   RO         9883    i.MemManage_Handler  stm32f4xx_it.o
    0x080016b2   0x00000002   Code   RO         9884    i.NMI_Handler       stm32f4xx_it.o
    0x080016b4   0x00000064   Code   RO          162    i.NVIC_Init         misc.o
    0x08001718   0x0000000c   Code   RO         2641    i.PWR_BackupAccessCmd  stm32f4xx_pwr.o
    0x08001724   0x00000018   Code   RO         2745    i.RCC_AHB1PeriphClockCmd  stm32f4xx_rcc.o
    0x0800173c   0x00000018   Code   RO         2754    i.RCC_APB1PeriphClockCmd  stm32f4xx_rcc.o
    0x08001754   0x00000018   Code   RO         2757    i.RCC_APB2PeriphClockCmd  stm32f4xx_rcc.o
    0x0800176c   0x00000094   Code   RO         2766    i.RCC_GetClocksFreq  stm32f4xx_rcc.o
    0x08001800   0x00000034   Code   RO         2767    i.RCC_GetFlagStatus  stm32f4xx_rcc.o
    0x08001834   0x0000001c   Code   RO         2775    i.RCC_LSEConfig     stm32f4xx_rcc.o
    0x08001850   0x0000000c   Code   RO         2788    i.RCC_RTCCLKCmd     stm32f4xx_rcc.o
    0x0800185c   0x00000030   Code   RO         2789    i.RCC_RTCCLKConfig  stm32f4xx_rcc.o
    0x0800188c   0x0000000c   Code   RO         2795    i.RCC_TIMCLKPresConfig  stm32f4xx_rcc.o
    0x08001898   0x00000028   Code   RO         9833    i.RTC_Alarm_IRQHandler  rtc.o
    0x080018c0   0x00000012   Code   RO         3138    i.RTC_Bcd2ToByte    stm32f4xx_rtc.o
    0x080018d2   0x00000018   Code   RO         3140    i.RTC_ByteToBcd2    stm32f4xx_rtc.o
    0x080018ea   0x00000002   PAD
    0x080018ec   0x0000001c   Code   RO         3144    i.RTC_ClearITPendingBit  stm32f4xx_rtc.o
    0x08001908   0x0000006c   Code   RO         9834    i.RTC_Configuration  rtc.o
    0x08001974   0x0000003c   Code   RO         3150    i.RTC_EnterInitMode  stm32f4xx_rtc.o
    0x080019b0   0x00000010   Code   RO         3151    i.RTC_ExitInitMode  stm32f4xx_rtc.o
    0x080019c0   0x00000048   Code   RO         3154    i.RTC_GetDate       stm32f4xx_rtc.o
    0x08001a08   0x00000038   Code   RO         3156    i.RTC_GetITStatus   stm32f4xx_rtc.o
    0x08001a40   0x0000004c   Code   RO         3159    i.RTC_GetTime       stm32f4xx_rtc.o
    0x08001a8c   0x00000050   Code   RO         3164    i.RTC_Init          stm32f4xx_rtc.o
    0x08001adc   0x0000009c   Code   RO         3170    i.RTC_SetDate       stm32f4xx_rtc.o
    0x08001b78   0x000000a0   Code   RO         3171    i.RTC_SetTime       stm32f4xx_rtc.o
    0x08001c18   0x0000004c   Code   RO         3187    i.RTC_WaitForSynchro  stm32f4xx_rtc.o
    0x08001c64   0x000001d4   Code   RO         8866    i.ReadCmdFromMachine  dc_protocol.o
    0x08001e38   0x00000144   Code   RO           12    i.SetSysClock       system_stm32f4xx.o
    0x08001f7c   0x00000024   Code   RO         5451    i.SysTick_Handler   port.o
    0x08001fa0   0x0000005c   Code   RO           14    i.SystemInit        system_stm32f4xx.o
    0x08001ffc   0x000000c8   Code   RO        10028    i.TIM7_IRQHandler   timer.o
    0x080020c4   0x00000014   Code   RO         4069    i.TIM_ARRPreloadConfig  stm32f4xx_tim.o
    0x080020d8   0x00000006   Code   RO         4076    i.TIM_ClearITPendingBit  stm32f4xx_tim.o
    0x080020de   0x00000014   Code   RO         4081    i.TIM_Cmd           stm32f4xx_tim.o
    0x080020f2   0x0000000e   Code   RO         4101    i.TIM_GetFlagStatus  stm32f4xx_tim.o
    0x08002100   0x00000060   Code   RO         4110    i.TIM_OC1Init       stm32f4xx_tim.o
    0x08002160   0x0000000c   Code   RO         4113    i.TIM_OC1PreloadConfig  stm32f4xx_tim.o
    0x0800216c   0x0000007c   Code   RO         4153    i.TIM_TimeBaseInit  stm32f4xx_tim.o
    0x080021e8   0x00000010   Code   RO         8869    i.TaskReceive       dc_protocol.o
    0x080021f8   0x00000044   Code   RO         9942    i.Tem_Rh_Gpio_Init  tem_rh.o
    0x0800223c   0x0000001e   Code   RO         9247    i.Test_Two_Mermory_Same_Or_Not  flash.o
    0x0800225a   0x00000002   PAD
    0x0800225c   0x00000050   Code   RO         8105    i.Touch_task        main.o
    0x080022ac   0x00000024   Code   RO         9144    i.USART6_IRQHandler  debug_uart.o
    0x080022d0   0x00000006   Code   RO         4614    i.USART_ClearFlag   stm32f4xx_usart.o
    0x080022d6   0x0000001c   Code   RO         4616    i.USART_ClockInit   stm32f4xx_usart.o
    0x080022f2   0x0000000c   Code   RO         4617    i.USART_ClockStructInit  stm32f4xx_usart.o
    0x080022fe   0x00000014   Code   RO         4618    i.USART_Cmd         stm32f4xx_usart.o
    0x08002312   0x0000000e   Code   RO         4621    i.USART_GetFlagStatus  stm32f4xx_usart.o
    0x08002320   0x00000030   Code   RO         4624    i.USART_ITConfig    stm32f4xx_usart.o
    0x08002350   0x000000b8   Code   RO         4625    i.USART_Init        stm32f4xx_usart.o
    0x08002408   0x00000008   Code   RO         4635    i.USART_SendData    stm32f4xx_usart.o
    0x08002410   0x00000016   Code   RO         4641    i.USART_StructInit  stm32f4xx_usart.o
    0x08002426   0x00000002   Code   RO         9885    i.UsageFault_Handler  stm32f4xx_it.o
    0x08002428   0x00000028   Code   RO         8106    i.Wifi_task         main.o
    0x08002450   0x0000000a   Code   RO         8798    i.getElecLevel      dc_config.o
    0x0800245a   0x00000002   PAD
    0x0800245c   0x000000cc   Code   RO         8107    i.main              main.o
    0x08002528   0x0000001c   Code   RO         8108    i.ms_Delay          main.o
    0x08002544   0x00000034   Code   RO         5134    i.prvAddCurrentTaskToDelayedList  tasks.o
    0x08002578   0x00000040   Code   RO         5368    i.prvCheckForValidListAndQueue  timers.o
    0x080025b8   0x00000054   Code   RO         5135    i.prvCheckTasksWaitingTermination  tasks.o
    0x0800260c   0x00000028   Code   RO         4991    i.prvCopyDataFromQueue  queue.o
    0x08002634   0x00000068   Code   RO         4992    i.prvCopyDataToQueue  queue.o
    0x0800269c   0x0000003c   Code   RO         5518    i.prvHeapInit       heap_4.o
    0x080026d8   0x00000018   Code   RO         5136    i.prvIdleTask       tasks.o
    0x080026f0   0x0000004c   Code   RO         5519    i.prvInsertBlockIntoFreeList  heap_4.o
    0x0800273c   0x00000038   Code   RO         5369    i.prvInsertTimerInActiveList  timers.o
    0x08002774   0x00000090   Code   RO         5370    i.prvProcessReceivedCommands  timers.o
    0x08002804   0x00000084   Code   RO         5371    i.prvProcessTimerOrBlockTask  timers.o
    0x08002888   0x00000028   Code   RO         5372    i.prvSampleTimeNow  timers.o
    0x080028b0   0x00000058   Code   RO         5373    i.prvSwitchTimerLists  timers.o
    0x08002908   0x00000024   Code   RO         5374    i.prvTimerTask      timers.o
    0x0800292c   0x00000064   Code   RO         4993    i.prvUnlockQueue    queue.o
    0x08002990   0x00000090   Code   RO         5520    i.pvPortMalloc      heap_4.o
    0x08002a20   0x00000022   Code   RO         5452    i.pxPortInitialiseStack  port.o
    0x08002a42   0x00000002   PAD
    0x08002a44   0x0000006c   Code   RO         8109    i.queue_init        main.o
    0x08002ab0   0x00000056   Code   RO         9835    i.rtc_init          rtc.o
    0x08002b06   0x00000002   PAD
    0x08002b08   0x000000e4   Code   RO         9146    i.uart_init         debug_uart.o
    0x08002bec   0x00000020   Code   RO         9147    i.uart_putchar      debug_uart.o
    0x08002c0c   0x00000026   Code   RO         9148    i.uart_putstr       debug_uart.o
    0x08002c32   0x00000014   Code   RO         8110    i.us_Delay          main.o
    0x08002c46   0x00000024   Code   RO         4941    i.uxListRemove      list.o
    0x08002c6a   0x00000016   Code   RO         4942    i.vListInitialise   list.o
    0x08002c80   0x00000006   Code   RO         4943    i.vListInitialiseItem  list.o
    0x08002c86   0x00000030   Code   RO         4944    i.vListInsert       list.o
    0x08002cb6   0x00000018   Code   RO         4945    i.vListInsertEnd    list.o
    0x08002cce   0x00000002   PAD
    0x08002cd0   0x0000001c   Code   RO         5454    i.vPortEnterCritical  port.o
    0x08002cec   0x00000014   Code   RO         5455    i.vPortExitCritical  port.o
    0x08002d00   0x00000040   Code   RO         5521    i.vPortFree         heap_4.o
    0x08002d40   0x00000014   Code   RO         5456    i.vPortSetupTimerInterrupt  port.o
    0x08002d54   0x00000018   Code   RO         5457    i.vPortYield        port.o
    0x08002d6c   0x0000003a   Code   RO         5000    i.vQueueWaitForMessageRestricted  queue.o
    0x08002da6   0x00000002   PAD
    0x08002da8   0x00000034   Code   RO         5142    i.vTaskDelay        tasks.o
    0x08002ddc   0x00000058   Code   RO         5144    i.vTaskDelete       tasks.o
    0x08002e34   0x0000000c   Code   RO         5146    i.vTaskMissedYield  tasks.o
    0x08002e40   0x0000003c   Code   RO         5147    i.vTaskPlaceOnEventList  tasks.o
    0x08002e7c   0x00000028   Code   RO         5148    i.vTaskPlaceOnEventListRestricted  tasks.o
    0x08002ea4   0x00000048   Code   RO         5149    i.vTaskPriorityDisinherit  tasks.o
    0x08002eec   0x00000064   Code   RO         5150    i.vTaskPriorityInherit  tasks.o
    0x08002f50   0x00000010   Code   RO         5154    i.vTaskSetTimeOutState  tasks.o
    0x08002f60   0x0000004c   Code   RO         5155    i.vTaskStartScheduler  tasks.o
    0x08002fac   0x00000010   Code   RO         5157    i.vTaskSuspendAll   tasks.o
    0x08002fbc   0x0000004c   Code   RO         5158    i.vTaskSwitchContext  tasks.o
    0x08003008   0x00000040   Code   RO         5458    i.xPortStartScheduler  port.o
    0x08003048   0x00000048   Code   RO         5003    i.xQueueGenericCreate  queue.o
    0x08003090   0x00000102   Code   RO         5004    i.xQueueGenericReceive  queue.o
    0x08003192   0x00000060   Code   RO         5005    i.xQueueGenericReset  queue.o
    0x080031f2   0x000000d6   Code   RO         5006    i.xQueueGenericSend  queue.o
    0x080032c8   0x00000062   Code   RO         5007    i.xQueueGenericSendFromISR  queue.o
    0x0800332a   0x00000002   PAD
    0x0800332c   0x00000048   Code   RO         5159    i.xTaskCheckForTimeOut  tasks.o
    0x08003374   0x0000016c   Code   RO         5160    i.xTaskGenericCreate  tasks.o
    0x080034e0   0x0000000c   Code   RO         5161    i.xTaskGetCurrentTaskHandle  tasks.o
    0x080034ec   0x0000001c   Code   RO         5162    i.xTaskGetSchedulerState  tasks.o
    0x08003508   0x00000018   Code   RO         5163    i.xTaskGetTickCount  tasks.o
    0x08003520   0x000000c0   Code   RO         5165    i.xTaskIncrementTick  tasks.o
    0x080035e0   0x0000005c   Code   RO         5167    i.xTaskRemoveFromEventList  tasks.o
    0x0800363c   0x000000ac   Code   RO         5168    i.xTaskResumeAll    tasks.o
    0x080036e8   0x00000040   Code   RO         5377    i.xTimerCreateTimerTask  timers.o
    0x08003728   0x00000048   Code   RO         5378    i.xTimerGenericCommand  timers.o
    0x08003770   0x0000001a   Code   RO         5379    i.xTimerIsTimerActive  timers.o
    0x0800378a   0x0000000a   Code   RO        10524    x$fpl$fpinit        fz_wm.l(fpinit.o)
    0x08003794   0x00000020   Data   RO        10667    Region$$Table       anon$$obj.o


    Execution Region RW_IRAM1 (Base: 0x20000000, Size: 0x0000c690, Max: 0x00030000, ABSOLUTE, COMPRESSED[0x0000003c])

    Base Addr    Size         Type   Attr      Idx    E Section Name        Object

    0x20000000   0x00000014   Data   RW           15    .data               system_stm32f4xx.o
    0x20000014   0x00000010   Data   RW         2797    .data               stm32f4xx_rcc.o
    0x20000024   0x00000038   Data   RW         5171    .data               tasks.o
    0x2000005c   0x00000010   Data   RW         5381    .data               timers.o
    0x2000006c   0x00000004   Data   RW         5459    .data               port.o
    0x20000070   0x00000014   Data   RW         5525    .data               heap_4.o
    0x20000084   0x0000000c   Data   RW         7820    .data               ethernetif.o
    0x20000090   0x00000042   Data   RW         8111    .data               main.o
    0x200000d2   0x0000001a   Data   RW         8872    .data               dc_protocol.o
    0x200000ec   0x0000000c   Data   RW         8969    .data               dc_timer.o
    0x200000f8   0x0000002c   Data   RW         9252    .data               flash.o
    0x20000124   0x00000006   Data   RW         9608    .data               led_buzzer.o
    0x2000012a   0x00000002   PAD
    0x2000012c   0x0000000c   Data   RW         9838    .data               rtc.o
    0x20000138   0x00000010   Data   RW        10048    .data               timer.o
    0x20000148   0x00000154   Zero   RW         5170    .bss                tasks.o
    0x2000029c   0x00000028   Zero   RW         5380    .bss                timers.o
    0x200002c4   0x0000a000   Zero   RW         5524    .bss                heap_4.o
    0x2000a2c4   0x0000000e   Zero   RW         8870    .bss                dc_protocol.o
    0x2000a2d2   0x00000fba   Zero   RW         9249    .bss                flash.o
    0x2000b28c   0x0000000c   Zero   RW         9836    .bss                rtc.o
    0x2000b298   0x00000192   Zero   RW        10046    .bss                timer.o
    0x2000b42a   0x00000002   PAD
    0x2000b42c   0x00000060   Zero   RW        10437    .bss                c_w.l(libspace.o)
    0x2000b48c   0x00000004   PAD
    0x2000b490   0x00000200   Zero   RW            2    HEAP                startup_stm32f429x.o
    0x2000b690   0x00001000   Zero   RW            1    STACK               startup_stm32f429x.o


==============================================================================

Image component sizes


      Code (inc. data)   RO Data    RW Data    ZI Data      Debug   Object Name

         0          0          0          0          0      10319   api_lib.o
         0          0          0          0          0       6388   croutine.o
        62          6          0          0          0       1894   dc_config.o
       758         48          0         26         14       6479   dc_protocol.o
         0          0          0         12          0        279   dc_timer.o
       334         22          0          0          0       2585   debug_uart.o
         0          0          0         12          0      38356   ethernetif.o
      2650        138          0         44       4026      21588   flash.o
         0          0          0          0          0       4512   gcom.o
       344         22          0         20      40960       4139   heap_4.o
       204         20          0          6          0       1544   led_buzzer.o
       136          0          0          0          0       4726   list.o
       766        190          0         66          0       6518   main.o
       100          8          0          0          0       1084   misc.o
       400         54          0          4          0       7405   port.o
      1040          0          0          0          0      12086   queue.o
       234         16          0         12         12       2408   rtc.o
        64         26        428          0       4608        836   startup_stm32f429x.o
        32         10          0          0          0       1194   stm32f4x7_eth.o
        12          6          0          0          0        577   stm32f4xx_exti.o
       212          0          0          0          0       2421   stm32f4xx_gpio.o
        80          8          0          0          0       3230   stm32f4xx_it.o
        12          6          0          0          0        570   stm32f4xx_pwr.o
       372         66          0         16          0       7917   stm32f4xx_rcc.o
       822         68          0          0          0       9101   stm32f4xx_rtc.o
       292         36          0          0          0       6120   stm32f4xx_tim.o
       342         10          0          0          0       6536   stm32f4xx_usart.o
       416         48          0         20          0     304509   system_stm32f4xx.o
      1724        174          0         56        340      21085   tasks.o
        68          4          0          0          0        535   tem_rh.o
       200         12          0         16        402     241106   timer.o
       722         58          0         16         40       8477   timers.o

    ----------------------------------------------------------------------
     12422       1056        460        328      50404     746524   Object Totals
         0          0         32          0          0          0   (incl. Generated)
        24          0          0          2          2          0   (incl. Padding)

    ----------------------------------------------------------------------

      Code (inc. data)   RO Data    RW Data    ZI Data      Debug   Library Member Name

        90          0          0          0          0          0   __dczerorl2.o
         8          0          0          0          0         68   __main.o
        52          8          0          0          0          0   __scatter.o
        28          0          0          0          0          0   __scatter_zi.o
        16          0          0          0          0         68   aeabi_memset.o
        10          0          0          0          0         68   defsig_exit.o
        50          0          0          0          0         88   defsig_general.o
        80         58          0          0          0         76   defsig_rtmem_inner.o
        14          0          0          0          0         80   defsig_rtmem_outer.o
        12          0          0          0          0         72   exit.o
        94          0          0          0          0         80   h1_alloc.o
        52          0          0          0          0         68   h1_extend.o
        78          0          0          0          0         80   h1_free.o
        14          0          0          0          0         84   h1_init.o
         6          0          0          0          0        152   heapauxi.o
         4          0          0          0          0        136   hguard.o
         0          0          0          0          0          0   indicate_semi.o
       138          0          0          0          0        168   init_alloc.o
         2          0          0          0          0          0   libinit.o
        14          0          0          0          0          0   libinit2.o
         2          0          0          0          0          0   libshutdown.o
         2          0          0          0          0          0   libshutdown2.o
         8          4          0          0         96         68   libspace.o
         0          0          0          0          0          0   maybetermalloc1.o
         8          4          0          0          0         68   rt_heap_descriptor_intlibspace.o
        68          0          0          0          0         68   rt_memclr.o
        78          0          0          0          0         80   rt_memclr_w.o
       138          0          0          0          0         68   rt_memcpy_v6.o
       100          0          0          0          0         80   rt_memcpy_w.o
         0          0          0          0          0          0   rtentry.o
        12          0          0          0          0          0   rtentry2.o
         6          0          0          0          0          0   rtentry4.o
         2          0          0          0          0          0   rtexit.o
        10          0          0          0          0          0   rtexit2.o
        62          0          0          0          0         76   strlen.o
        12          4          0          0          0         68   sys_exit.o
        74          0          0          0          0         80   sys_stackheap_outer.o
        14          0          0          0          0         76   sys_wrch.o
         2          0          0          0          0         68   use_no_semi.o
        10          0          0          0          0        116   fpinit.o

    ----------------------------------------------------------------------
      1378         78          0          0        100       2204   Library Totals
         8          0          0          0          4          0   (incl. Padding)

    ----------------------------------------------------------------------

      Code (inc. data)   RO Data    RW Data    ZI Data      Debug   Library Name

      1360         78          0          0         96       2088   c_w.l
        10          0          0          0          0        116   fz_wm.l

    ----------------------------------------------------------------------
      1378         78          0          0        100       2204   Library Totals

    ----------------------------------------------------------------------

==============================================================================


      Code (inc. data)   RO Data    RW Data    ZI Data      Debug   

     13800       1134        460        328      50504     732080   Grand Totals
     13800       1134        460         60      50504     732080   ELF Image Totals (compressed)
     13800       1134        460         60          0          0   ROM Totals

==============================================================================

    Total RO  Size (Code + RO Data)                14260 (  13.93kB)
    Total RW  Size (RW Data + ZI Data)             50832 (  49.64kB)
    Total ROM Size (Code + RO Data + RW Data)      14320 (  13.98kB)

==============================================================================

